Archive member included to satisfy reference by file (symbol)

c:/st/stm32cubeide_1.12.1/stm32cubeide/plugins/com.st.stm32cube.ide.mcu.externaltools.gnu-tools-for-stm32.10.3-2021.10.win32_1.0.200.202301161003/tools/bin/../lib/gcc/arm-none-eabi/10.3.1/../../../../arm-none-eabi/lib/thumb/v7e-m+fp/hard\libc_nano.a(lib_a-atoi.o)
                              ./USB_DEVICE/App/usbd_cdc_if.o (atoi)
c:/st/stm32cubeide_1.12.1/stm32cubeide/plugins/com.st.stm32cube.ide.mcu.externaltools.gnu-tools-for-stm32.10.3-2021.10.win32_1.0.200.202301161003/tools/bin/../lib/gcc/arm-none-eabi/10.3.1/../../../../arm-none-eabi/lib/thumb/v7e-m+fp/hard\libc_nano.a(lib_a-errno.o)
                              ./Core/Src/syscalls.o (__errno)
c:/st/stm32cubeide_1.12.1/stm32cubeide/plugins/com.st.stm32cube.ide.mcu.externaltools.gnu-tools-for-stm32.10.3-2021.10.win32_1.0.200.202301161003/tools/bin/../lib/gcc/arm-none-eabi/10.3.1/../../../../arm-none-eabi/lib/thumb/v7e-m+fp/hard\libc_nano.a(lib_a-exit.o)
                              c:/st/stm32cubeide_1.12.1/stm32cubeide/plugins/com.st.stm32cube.ide.mcu.externaltools.gnu-tools-for-stm32.10.3-2021.10.win32_1.0.200.202301161003/tools/bin/../lib/gcc/arm-none-eabi/10.3.1/../../../../arm-none-eabi/lib/thumb/v7e-m+fp/hard/crt0.o (exit)
c:/st/stm32cubeide_1.12.1/stm32cubeide/plugins/com.st.stm32cube.ide.mcu.externaltools.gnu-tools-for-stm32.10.3-2021.10.win32_1.0.200.202301161003/tools/bin/../lib/gcc/arm-none-eabi/10.3.1/../../../../arm-none-eabi/lib/thumb/v7e-m+fp/hard\libc_nano.a(lib_a-impure.o)
                              c:/st/stm32cubeide_1.12.1/stm32cubeide/plugins/com.st.stm32cube.ide.mcu.externaltools.gnu-tools-for-stm32.10.3-2021.10.win32_1.0.200.202301161003/tools/bin/../lib/gcc/arm-none-eabi/10.3.1/../../../../arm-none-eabi/lib/thumb/v7e-m+fp/hard\libc_nano.a(lib_a-exit.o) (_global_impure_ptr)
c:/st/stm32cubeide_1.12.1/stm32cubeide/plugins/com.st.stm32cube.ide.mcu.externaltools.gnu-tools-for-stm32.10.3-2021.10.win32_1.0.200.202301161003/tools/bin/../lib/gcc/arm-none-eabi/10.3.1/../../../../arm-none-eabi/lib/thumb/v7e-m+fp/hard\libc_nano.a(lib_a-init.o)
                              c:/st/stm32cubeide_1.12.1/stm32cubeide/plugins/com.st.stm32cube.ide.mcu.externaltools.gnu-tools-for-stm32.10.3-2021.10.win32_1.0.200.202301161003/tools/bin/../lib/gcc/arm-none-eabi/10.3.1/../../../../arm-none-eabi/lib/thumb/v7e-m+fp/hard/crt0.o (__libc_init_array)
c:/st/stm32cubeide_1.12.1/stm32cubeide/plugins/com.st.stm32cube.ide.mcu.externaltools.gnu-tools-for-stm32.10.3-2021.10.win32_1.0.200.202301161003/tools/bin/../lib/gcc/arm-none-eabi/10.3.1/../../../../arm-none-eabi/lib/thumb/v7e-m+fp/hard\libc_nano.a(lib_a-memcpy-stub.o)
                              ./USB_DEVICE/App/usbd_cdc_if.o (memcpy)
c:/st/stm32cubeide_1.12.1/stm32cubeide/plugins/com.st.stm32cube.ide.mcu.externaltools.gnu-tools-for-stm32.10.3-2021.10.win32_1.0.200.202301161003/tools/bin/../lib/gcc/arm-none-eabi/10.3.1/../../../../arm-none-eabi/lib/thumb/v7e-m+fp/hard\libc_nano.a(lib_a-memset.o)
                              c:/st/stm32cubeide_1.12.1/stm32cubeide/plugins/com.st.stm32cube.ide.mcu.externaltools.gnu-tools-for-stm32.10.3-2021.10.win32_1.0.200.202301161003/tools/bin/../lib/gcc/arm-none-eabi/10.3.1/../../../../arm-none-eabi/lib/thumb/v7e-m+fp/hard/crt0.o (memset)
c:/st/stm32cubeide_1.12.1/stm32cubeide/plugins/com.st.stm32cube.ide.mcu.externaltools.gnu-tools-for-stm32.10.3-2021.10.win32_1.0.200.202301161003/tools/bin/../lib/gcc/arm-none-eabi/10.3.1/../../../../arm-none-eabi/lib/thumb/v7e-m+fp/hard\libc_nano.a(lib_a-strtol.o)
                              c:/st/stm32cubeide_1.12.1/stm32cubeide/plugins/com.st.stm32cube.ide.mcu.externaltools.gnu-tools-for-stm32.10.3-2021.10.win32_1.0.200.202301161003/tools/bin/../lib/gcc/arm-none-eabi/10.3.1/../../../../arm-none-eabi/lib/thumb/v7e-m+fp/hard\libc_nano.a(lib_a-atoi.o) (_strtol_r)
c:/st/stm32cubeide_1.12.1/stm32cubeide/plugins/com.st.stm32cube.ide.mcu.externaltools.gnu-tools-for-stm32.10.3-2021.10.win32_1.0.200.202301161003/tools/bin/../lib/gcc/arm-none-eabi/10.3.1/../../../../arm-none-eabi/lib/thumb/v7e-m+fp/hard\libc_nano.a(lib_a-ctype_.o)
                              c:/st/stm32cubeide_1.12.1/stm32cubeide/plugins/com.st.stm32cube.ide.mcu.externaltools.gnu-tools-for-stm32.10.3-2021.10.win32_1.0.200.202301161003/tools/bin/../lib/gcc/arm-none-eabi/10.3.1/../../../../arm-none-eabi/lib/thumb/v7e-m+fp/hard\libc_nano.a(lib_a-strtol.o) (_ctype_)
c:/st/stm32cubeide_1.12.1/stm32cubeide/plugins/com.st.stm32cube.ide.mcu.externaltools.gnu-tools-for-stm32.10.3-2021.10.win32_1.0.200.202301161003/tools/bin/../lib/gcc/arm-none-eabi/10.3.1/thumb/v7e-m+fp/hard\libgcc.a(_aeabi_uldivmod.o)
                              ./Drivers/STM32F4xx_HAL_Driver/Src/stm32f4xx_hal_rcc.o (__aeabi_uldivmod)
[...]
Memory Configuration

Name             Origin             Length             Attributes
RAM              0x0000000020000000 0x0000000000020000 xrw
FLASH            0x0000000008000000 0x0000000000080000 xr
*default*        0x0000000000000000 0xffffffffffffffff

Linker script and memory map

LOAD c:/st/stm32cubeide_1.12.1/stm32cubeide/plugins/com.st.stm32cube.ide.mcu.externaltools.gnu-tools-for-stm32.10.3-2021.10.win32_1.0.200.202301161003/tools/bin/../lib/gcc/arm-none-eabi/10.3.1/thumb/v7e-m+fp/hard/crti.o
LOAD c:/st/stm32cubeide_1.12.1/stm32cubeide/plugins/com.st.stm32cube.ide.mcu.externaltools.gnu-tools-for-stm32.10.3-2021.10.win32_1.0.200.202301161003/tools/bin/../lib/gcc/arm-none-eabi/10.3.1/thumb/v7e-m+fp/hard/crtbegin.o
LOAD c:/st/stm32cubeide_1.12.1/stm32cubeide/plugins/com.st.stm32cube.ide.mcu.externaltools.gnu-tools-for-stm32.10.3-2021.10.win32_1.0.200.202301161003/tools/bin/../lib/gcc/arm-none-eabi/10.3.1/../../../../arm-none-eabi/lib/thumb/v7e-m+fp/hard/crt0.o
LOAD ./Core/Src/gpio.o
LOAD ./Core/Src/main.o
LOAD ./Core/Src/stm32f4xx_hal_msp.o
LOAD ./Core/Src/stm32f4xx_it.o
LOAD ./Core/Src/syscalls.o
LOAD ./Core/Src/sysmem.o
LOAD ./Core/Src/system_stm32f4xx.o
LOAD ./Core/Src/tim.o
LOAD ./Core/Startup/startup_stm32f411ceux.o
LOAD ./Drivers/STM32F4xx_HAL_Driver/Src/stm32f4xx_hal.o
LOAD ./Drivers/STM32F4xx_HAL_Driver/Src/stm32f4xx_hal_cortex.o
LOAD ./Drivers/STM32F4xx_HAL_Driver/Src/stm32f4xx_hal_dma.o
LOAD ./Drivers/STM32F4xx_HAL_Driver/Src/stm32f4xx_hal_dma_ex.o
LOAD ./Drivers/STM32F4xx_HAL_Driver/Src/stm32f4xx_hal_exti.o
LOAD ./Drivers/STM32F4xx_HAL_Driver/Src/stm32f4xx_hal_flash.o
LOAD ./Drivers/STM32F4xx_HAL_Driver/Src/stm32f4xx_hal_flash_ex.o
LOAD ./Drivers/STM32F4xx_HAL_Driver/Src/stm32f4xx_hal_flash_ramfunc.o
LOAD ./Drivers/STM32F4xx_HAL_Driver/Src/stm32f4xx_hal_gpio.o
LOAD ./Drivers/STM32F4xx_HAL_Driver/Src/stm32f4xx_hal_pcd.o
LOAD ./Drivers/STM32F4xx_HAL_Driver/Src/stm32f4xx_hal_pcd_ex.o
LOAD ./Drivers/STM32F4xx_HAL_Driver/Src/stm32f4xx_hal_pwr.o
LOAD ./Drivers/STM32F4xx_HAL_Driver/Src/stm32f4xx_hal_pwr_ex.o
LOAD ./Drivers/STM32F4xx_HAL_Driver/Src/stm32f4xx_hal_rcc.o
LOAD ./Drivers/STM32F4xx_HAL_Driver/Src/stm32f4xx_hal_rcc_ex.o
LOAD ./Drivers/STM32F4xx_HAL_Driver/Src/stm32f4xx_hal_tim.o
LOAD ./Drivers/STM32F4xx_HAL_Driver/Src/stm32f4xx_hal_tim_ex.o
LOAD ./Drivers/STM32F4xx_HAL_Driver/Src/stm32f4xx_ll_usb.o
LOAD ./Middlewares/ST/STM32_USB_Device_Library/Class/CDC/Src/usbd_cdc.o
LOAD ./Middlewares/ST/STM32_USB_Device_Library/Core/Src/usbd_core.o
LOAD ./Middlewares/ST/STM32_USB_Device_Library/Core/Src/usbd_ctlreq.o
LOAD ./Middlewares/ST/STM32_USB_Device_Library/Core/Src/usbd_ioreq.o
LOAD ./USB_DEVICE/App/usb_device.o
LOAD ./USB_DEVICE/App/usbd_cdc_if.o
LOAD ./USB_DEVICE/App/usbd_desc.o
LOAD ./USB_DEVICE/Target/usbd_conf.o
START GROUP
LOAD c:/st/stm32cubeide_1.12.1/stm32cubeide/plugins/com.st.stm32cube.ide.mcu.externaltools.gnu-tools-for-stm32.10.3-2021.10.win32_1.0.200.202301161003/tools/bin/../lib/gcc/arm-none-eabi/10.3.1/../../../../arm-none-eabi/lib/thumb/v7e-m+fp/hard\libc_nano.a
LOAD c:/st/stm32cubeide_1.12.1/stm32cubeide/plugins/com.st.stm32cube.ide.mcu.externaltools.gnu-tools-for-stm32.10.3-2021.10.win32_1.0.200.202301161003/tools/bin/../lib/gcc/arm-none-eabi/10.3.1/../../../../arm-none-eabi/lib/thumb/v7e-m+fp/hard\libm.a
END GROUP
START GROUP
LOAD c:/st/stm32cubeide_1.12.1/stm32cubeide/plugins/com.st.stm32cube.ide.mcu.externaltools.gnu-tools-for-stm32.10.3-2021.10.win32_1.0.200.202301161003/tools/bin/../lib/gcc/arm-none-eabi/10.3.1/thumb/v7e-m+fp/hard\libgcc.a
LOAD c:/st/stm32cubeide_1.12.1/stm32cubeide/plugins/com.st.stm32cube.ide.mcu.externaltools.gnu-tools-for-stm32.10.3-2021.10.win32_1.0.200.202301161003/tools/bin/../lib/gcc/arm-none-eabi/10.3.1/../../../../arm-none-eabi/lib/thumb/v7e-m+fp/hard\libc_nano.a
END GROUP
START GROUP
LOAD c:/st/stm32cubeide_1.12.1/stm32cubeide/plugins/com.st.stm32cube.ide.mcu.externaltools.gnu-tools-for-stm32.10.3-2021.10.win32_1.0.200.202301161003/tools/bin/../lib/gcc/arm-none-eabi/10.3.1/thumb/v7e-m+fp/hard\libgcc.a
LOAD c:/st/stm32cubeide_1.12.1/stm32cubeide/plugins/com.st.stm32cube.ide.mcu.externaltools.gnu-tools-for-stm32.10.3-2021.10.win32_1.0.200.202301161003/tools/bin/../lib/gcc/arm-none-eabi/10.3.1/../../../../arm-none-eabi/lib/thumb/v7e-m+fp/hard\libc_nano.a
LOAD c:/st/stm32cubeide_1.12.1/stm32cubeide/plugins/com.st.stm32cube.ide.mcu.externaltools.gnu-tools-for-stm32.10.3-2021.10.win32_1.0.200.202301161003/tools/bin/../lib/gcc/arm-none-eabi/10.3.1/../../../../arm-none-eabi/lib/thumb/v7e-m+fp/hard\libnosys.a
END GROUP
START GROUP
LOAD c:/st/stm32cubeide_1.12.1/stm32cubeide/plugins/com.st.stm32cube.ide.mcu.externaltools.gnu-tools-for-stm32.10.3-2021.10.win32_1.0.200.202301161003/tools/bin/../lib/gcc/arm-none-eabi/10.3.1/thumb/v7e-m+fp/hard\libgcc.a
LOAD c:/st/stm32cubeide_1.12.1/stm32cubeide/plugins/com.st.stm32cube.ide.mcu.externaltools.gnu-tools-for-stm32.10.3-2021.10.win32_1.0.200.202301161003/tools/bin/../lib/gcc/arm-none-eabi/10.3.1/../../../../arm-none-eabi/lib/thumb/v7e-m+fp/hard\libc_nano.a
LOAD c:/st/stm32cubeide_1.12.1/stm32cubeide/plugins/com.st.stm32cube.ide.mcu.externaltools.gnu-tools-for-stm32.10.3-2021.10.win32_1.0.200.202301161003/tools/bin/../lib/gcc/arm-none-eabi/10.3.1/../../../../arm-none-eabi/lib/thumb/v7e-m+fp/hard\libnosys.a
END GROUP
LOAD c:/st/stm32cubeide_1.12.1/stm32cubeide/plugins/com.st.stm32cube.ide.mcu.externaltools.gnu-tools-for-stm32.10.3-2021.10.win32_1.0.200.202301161003/tools/bin/../lib/gcc/arm-none-eabi/10.3.1/thumb/v7e-m+fp/hard/crtend.o
LOAD c:/st/stm32cubeide_1.12.1/stm32cubeide/plugins/com.st.stm32cube.ide.mcu.externaltools.gnu-tools-for-stm32.10.3-2021.10.win32_1.0.200.202301161003/tools/bin/../lib/gcc/arm-none-eabi/10.3.1/thumb/v7e-m+fp/hard/crtn.o
                0x0000000020020000                _estack = (ORIGIN (RAM) + LENGTH (RAM))
                0x0000000000000200                _Min_Heap_Size = 0x200
                0x0000000000000400                _Min_Stack_Size = 0x400

.isr_vector     0x0000000008000000      0x198
                0x0000000008000000                . = ALIGN (0x4)
 *(.isr_vector)
 .isr_vector    0x0000000008000000      0x198 ./Core/Startup/startup_stm32f411ceux.o
                0x0000000008000000                g_pfnVectors
                0x0000000008000198                . = ALIGN (0x4)

.text           0x0000000008000198     0x7848
                0x0000000008000198                . = ALIGN (0x4)
 *(.text)
 .text          0x0000000008000198       0x40 c:/st/stm32cubeide_1.12.1/stm32cubeide/plugins/com.st.stm32cube.ide.mcu.externaltools.gnu-tools-for-stm32.10.3-2021.10.win32_1.0.200.202301161003/tools/bin/../lib/gcc/arm-none-eabi/10.3.1/thumb/v7e-m+fp/hard/crtbegin.o
 .text          0x00000000080001d8       0x30 c:/st/stm32cubeide_1.12.1/stm32cubeide/plugins/com.st.stm32cube.ide.mcu.externaltools.gnu-tools-for-stm32.10.3-2021.10.win32_1.0.200.202301161003/tools/bin/../lib/gcc/arm-none-eabi/10.3.1/thumb/v7e-m+fp/hard\libgcc.a(_aeabi_uldivmod.o)
                0x00000000080001d8                __aeabi_uldivmod
 .text          0x0000000008000208      0x2d0 c:/st/stm32cubeide_1.12.1/stm32cubeide/plugins/com.st.stm32cube.ide.mcu.externaltools.gnu-tools-for-stm32.10.3-2021.10.win32_1.0.200.202301161003/tools/bin/../lib/gcc/arm-none-eabi/10.3.1/thumb/v7e-m+fp/hard\libgcc.a(_udivmoddi4.o)
                0x0000000008000208                __udivmoddi4
 .text          0x00000000080004d8        0x4 c:/st/stm32cubeide_1.12.1/stm32cubeide/plugins/com.st.stm32cube.ide.mcu.externaltools.gnu-tools-for-stm32.10.3-2021.10.win32_1.0.200.202301161003/tools/bin/../lib/gcc/arm-none-eabi/10.3.1/thumb/v7e-m+fp/hard\libgcc.a(_dvmd_tls.o)
                0x00000000080004d8                __aeabi_idiv0
                0x00000000080004d8                __aeabi_ldiv0
 *(.text*)
 .text.MX_GPIO_Init
                0x00000000080004dc       0xa4 ./Core/Src/gpio.o
                0x00000000080004dc                MX_GPIO_Init
 .text.main     0x0000000008000580       0x6c ./Core/Src/main.o
                0x0000000008000580                main
 .text.SystemClock_Config
                0x00000000080005ec       0xd0 ./Core/Src/main.o
                0x00000000080005ec                SystemClock_Config
 .text.Error_Handler
                0x00000000080006bc        0xa ./Core/Src/main.o
                0x00000000080006bc                Error_Handler
 *fill*         0x00000000080006c6        0x2 
 .text.HAL_MspInit
                0x00000000080006c8       0x50 ./Core/Src/stm32f4xx_hal_msp.o
                0x00000000080006c8                HAL_MspInit
 .text.NMI_Handler
                0x0000000008000718        0x6 ./Core/Src/stm32f4xx_it.o
                0x0000000008000718                NMI_Handler
 .text.HardFault_Handler
                0x000000000800071e        0x6 ./Core/Src/stm32f4xx_it.o
                0x000000000800071e                HardFault_Handler
 .text.MemManage_Handler
                0x0000000008000724        0x6 ./Core/Src/stm32f4xx_it.o
                0x0000000008000724                MemManage_Handler
 .text.BusFault_Handler
                0x000000000800072a        0x6 ./Core/Src/stm32f4xx_it.o
                0x000000000800072a                BusFault_Handler
 .text.UsageFault_Handler
                0x0000000008000730        0x6 ./Core/Src/stm32f4xx_it.o
                0x0000000008000730                UsageFault_Handler
 .text.SVC_Handler
                0x0000000008000736        0xe ./Core/Src/stm32f4xx_it.o
                0x0000000008000736                SVC_Handler
 .text.DebugMon_Handler
                0x0000000008000744        0xe ./Core/Src/stm32f4xx_it.o
                0x0000000008000744                DebugMon_Handler
 .text.PendSV_Handler
                0x0000000008000752        0xe ./Core/Src/stm32f4xx_it.o
                0x0000000008000752                PendSV_Handler
 .text.SysTick_Handler
                0x0000000008000760        0xc ./Core/Src/stm32f4xx_it.o
                0x0000000008000760                SysTick_Handler
 .text.TIM1_UP_TIM10_IRQHandler
                0x000000000800076c       0x14 ./Core/Src/stm32f4xx_it.o
                0x000000000800076c                TIM1_UP_TIM10_IRQHandler
 .text.OTG_FS_IRQHandler
                0x0000000008000780       0x14 ./Core/Src/stm32f4xx_it.o
                0x0000000008000780                OTG_FS_IRQHandler
 .text.SystemInit
                0x0000000008000794       0x24 ./Core/Src/system_stm32f4xx.o
                0x0000000008000794                SystemInit
 .text.MX_TIM1_Init
                0x00000000080007b8      0x100 ./Core/Src/tim.o
                0x00000000080007b8                MX_TIM1_Init
 .text.HAL_TIM_OC_MspInit
                0x00000000080008b8       0x50 ./Core/Src/tim.o
                0x00000000080008b8                HAL_TIM_OC_MspInit
 .text.Reset_Handler
                0x0000000008000908       0x50 ./Core/Startup/startup_stm32f411ceux.o
                0x0000000008000908                Reset_Handler
 .text.Default_Handler
                0x0000000008000958        0x2 ./Core/Startup/startup_stm32f411ceux.o
                0x0000000008000958                RTC_Alarm_IRQHandler
                0x0000000008000958                EXTI2_IRQHandler
                0x0000000008000958                SPI4_IRQHandler
                0x0000000008000958                TIM1_CC_IRQHandler
                0x0000000008000958                DMA2_Stream5_IRQHandler
                0x0000000008000958                DMA1_Stream5_IRQHandler
                0x0000000008000958                PVD_IRQHandler
                0x0000000008000958                SDIO_IRQHandler
                0x0000000008000958                TAMP_STAMP_IRQHandler
                0x0000000008000958                EXTI3_IRQHandler
                0x0000000008000958                I2C3_ER_IRQHandler
                0x0000000008000958                EXTI0_IRQHandler
                0x0000000008000958                I2C2_EV_IRQHandler
                0x0000000008000958                DMA1_Stream2_IRQHandler
                0x0000000008000958                FPU_IRQHandler
                0x0000000008000958                DMA2_Stream2_IRQHandler
                0x0000000008000958                SPI1_IRQHandler
                0x0000000008000958                TIM1_BRK_TIM9_IRQHandler
                0x0000000008000958                DMA2_Stream3_IRQHandler
                0x0000000008000958                USART6_IRQHandler
                0x0000000008000958                DMA2_Stream0_IRQHandler
                0x0000000008000958                TIM4_IRQHandler
                0x0000000008000958                I2C1_EV_IRQHandler
                0x0000000008000958                DMA1_Stream6_IRQHandler
                0x0000000008000958                DMA1_Stream1_IRQHandler
                0x0000000008000958                TIM3_IRQHandler
                0x0000000008000958                RCC_IRQHandler
                0x0000000008000958                Default_Handler
                0x0000000008000958                EXTI15_10_IRQHandler
                0x0000000008000958                ADC_IRQHandler
                0x0000000008000958                DMA1_Stream7_IRQHandler
                0x0000000008000958                SPI5_IRQHandler
                0x0000000008000958                TIM5_IRQHandler
                0x0000000008000958                DMA2_Stream7_IRQHandler
                0x0000000008000958                I2C3_EV_IRQHandler
                0x0000000008000958                EXTI9_5_IRQHandler
                0x0000000008000958                RTC_WKUP_IRQHandler
                0x0000000008000958                SPI2_IRQHandler
                0x0000000008000958                DMA1_Stream0_IRQHandler
                0x0000000008000958                EXTI4_IRQHandler
                0x0000000008000958                WWDG_IRQHandler
                0x0000000008000958                TIM2_IRQHandler
                0x0000000008000958                OTG_FS_WKUP_IRQHandler
                0x0000000008000958                TIM1_TRG_COM_TIM11_IRQHandler
                0x0000000008000958                EXTI1_IRQHandler
                0x0000000008000958                USART2_IRQHandler
                0x0000000008000958                I2C2_ER_IRQHandler
                0x0000000008000958                DMA2_Stream1_IRQHandler
                0x0000000008000958                FLASH_IRQHandler
                0x0000000008000958                DMA2_Stream4_IRQHandler
                0x0000000008000958                USART1_IRQHandler
                0x0000000008000958                SPI3_IRQHandler
                0x0000000008000958                DMA1_Stream4_IRQHandler
                0x0000000008000958                I2C1_ER_IRQHandler
                0x0000000008000958                DMA2_Stream6_IRQHandler
                0x0000000008000958                DMA1_Stream3_IRQHandler
 *fill*         0x000000000800095a        0x2 
 .text.HAL_Init
                0x000000000800095c       0x44 ./Drivers/STM32F4xx_HAL_Driver/Src/stm32f4xx_hal.o
                0x000000000800095c                HAL_Init
 .text.HAL_InitTick
                0x00000000080009a0       0x60 ./Drivers/STM32F4xx_HAL_Driver/Src/stm32f4xx_hal.o
                0x00000000080009a0                HAL_InitTick
 .text.HAL_IncTick
                0x0000000008000a00       0x28 ./Drivers/STM32F4xx_HAL_Driver/Src/stm32f4xx_hal.o
                0x0000000008000a00                HAL_IncTick
 .text.HAL_GetTick
                0x0000000008000a28       0x18 ./Drivers/STM32F4xx_HAL_Driver/Src/stm32f4xx_hal.o
                0x0000000008000a28                HAL_GetTick
 .text.HAL_Delay
                0x0000000008000a40       0x48 ./Drivers/STM32F4xx_HAL_Driver/Src/stm32f4xx_hal.o
                0x0000000008000a40                HAL_Delay
 .text.__NVIC_SetPriorityGrouping
                0x0000000008000a88       0x48 ./Drivers/STM32F4xx_HAL_Driver/Src/stm32f4xx_hal_cortex.o
 .text.__NVIC_GetPriorityGrouping
                0x0000000008000ad0       0x1c ./Drivers/STM32F4xx_HAL_Driver/Src/stm32f4xx_hal_cortex.o
 .text.__NVIC_EnableIRQ
                0x0000000008000aec       0x3c ./Drivers/STM32F4xx_HAL_Driver/Src/stm32f4xx_hal_cortex.o
 .text.__NVIC_SetPriority
                0x0000000008000b28       0x54 ./Drivers/STM32F4xx_HAL_Driver/Src/stm32f4xx_hal_cortex.o
 .text.NVIC_EncodePriority
                0x0000000008000b7c       0x66 ./Drivers/STM32F4xx_HAL_Driver/Src/stm32f4xx_hal_cortex.o
 *fill*         0x0000000008000be2        0x2 
 .text.SysTick_Config
                0x0000000008000be4       0x44 ./Drivers/STM32F4xx_HAL_Driver/Src/stm32f4xx_hal_cortex.o
 .text.HAL_NVIC_SetPriorityGrouping
                0x0000000008000c28       0x16 ./Drivers/STM32F4xx_HAL_Driver/Src/stm32f4xx_hal_cortex.o
                0x0000000008000c28                HAL_NVIC_SetPriorityGrouping
 .text.HAL_NVIC_SetPriority
                0x0000000008000c3e       0x38 ./Drivers/STM32F4xx_HAL_Driver/Src/stm32f4xx_hal_cortex.o
                0x0000000008000c3e                HAL_NVIC_SetPriority
 .text.HAL_NVIC_EnableIRQ
                0x0000000008000c76       0x1c ./Drivers/STM32F4xx_HAL_Driver/Src/stm32f4xx_hal_cortex.o
                0x0000000008000c76                HAL_NVIC_EnableIRQ
 .text.HAL_SYSTICK_Config
                0x0000000008000c92       0x18 ./Drivers/STM32F4xx_HAL_Driver/Src/stm32f4xx_hal_cortex.o
                0x0000000008000c92                HAL_SYSTICK_Config
 *fill*         0x0000000008000caa        0x2 
 .text.HAL_GPIO_Init
                0x0000000008000cac      0x308 ./Drivers/STM32F4xx_HAL_Driver/Src/stm32f4xx_hal_gpio.o
                0x0000000008000cac                HAL_GPIO_Init
 .text.HAL_GPIO_WritePin
                0x0000000008000fb4       0x32 ./Drivers/STM32F4xx_HAL_Driver/Src/stm32f4xx_hal_gpio.o
                0x0000000008000fb4                HAL_GPIO_WritePin
 .text.HAL_GPIO_TogglePin
                0x0000000008000fe6       0x34 ./Drivers/STM32F4xx_HAL_Driver/Src/stm32f4xx_hal_gpio.o
                0x0000000008000fe6                HAL_GPIO_TogglePin
 .text.HAL_PCD_Init
                0x000000000800101a      0x23a ./Drivers/STM32F4xx_HAL_Driver/Src/stm32f4xx_hal_pcd.o
                0x000000000800101a                HAL_PCD_Init
 .text.HAL_PCD_Start
                0x0000000008001254       0x66 ./Drivers/STM32F4xx_HAL_Driver/Src/stm32f4xx_hal_pcd.o
                0x0000000008001254                HAL_PCD_Start
 .text.HAL_PCD_IRQHandler
                0x00000000080012ba      0x93e ./Drivers/STM32F4xx_HAL_Driver/Src/stm32f4xx_hal_pcd.o
                0x00000000080012ba                HAL_PCD_IRQHandler
 .text.HAL_PCD_SetAddress
                0x0000000008001bf8       0x4a ./Drivers/STM32F4xx_HAL_Driver/Src/stm32f4xx_hal_pcd.o
                0x0000000008001bf8                HAL_PCD_SetAddress
 .text.HAL_PCD_EP_Open
                0x0000000008001c42       0xd0 ./Drivers/STM32F4xx_HAL_Driver/Src/stm32f4xx_hal_pcd.o
                0x0000000008001c42                HAL_PCD_EP_Open
 .text.HAL_PCD_EP_Close
                0x0000000008001d12       0x94 ./Drivers/STM32F4xx_HAL_Driver/Src/stm32f4xx_hal_pcd.o
                0x0000000008001d12                HAL_PCD_EP_Close
 .text.HAL_PCD_EP_Receive
                0x0000000008001da6       0x96 ./Drivers/STM32F4xx_HAL_Driver/Src/stm32f4xx_hal_pcd.o
                0x0000000008001da6                HAL_PCD_EP_Receive
 .text.HAL_PCD_EP_GetRxCount
                0x0000000008001e3c       0x30 ./Drivers/STM32F4xx_HAL_Driver/Src/stm32f4xx_hal_pcd.o
                0x0000000008001e3c                HAL_PCD_EP_GetRxCount
 .text.HAL_PCD_EP_Transmit
                0x0000000008001e6c       0x94 ./Drivers/STM32F4xx_HAL_Driver/Src/stm32f4xx_hal_pcd.o
                0x0000000008001e6c                HAL_PCD_EP_Transmit
 .text.HAL_PCD_EP_SetStall
                0x0000000008001f00       0xc8 ./Drivers/STM32F4xx_HAL_Driver/Src/stm32f4xx_hal_pcd.o
                0x0000000008001f00                HAL_PCD_EP_SetStall
 .text.HAL_PCD_EP_ClrStall
                0x0000000008001fc8       0xac ./Drivers/STM32F4xx_HAL_Driver/Src/stm32f4xx_hal_pcd.o
                0x0000000008001fc8                HAL_PCD_EP_ClrStall
 .text.HAL_PCD_EP_Abort
                0x0000000008002074       0x62 ./Drivers/STM32F4xx_HAL_Driver/Src/stm32f4xx_hal_pcd.o
                0x0000000008002074                HAL_PCD_EP_Abort
 .text.PCD_WriteEmptyTxFifo
                0x00000000080020d6      0x11a ./Drivers/STM32F4xx_HAL_Driver/Src/stm32f4xx_hal_pcd.o
 .text.PCD_EP_OutXfrComplete_int
                0x00000000080021f0      0x1d0 ./Drivers/STM32F4xx_HAL_Driver/Src/stm32f4xx_hal_pcd.o
 .text.PCD_EP_OutSetupPacket_int
                0x00000000080023c0       0x8c ./Drivers/STM32F4xx_HAL_Driver/Src/stm32f4xx_hal_pcd.o
 .text.HAL_PCDEx_SetTxFiFo
                0x000000000800244c       0x8e ./Drivers/STM32F4xx_HAL_Driver/Src/stm32f4xx_hal_pcd_ex.o
                0x000000000800244c                HAL_PCDEx_SetTxFiFo
 .text.HAL_PCDEx_SetRxFiFo
                0x00000000080024da       0x22 ./Drivers/STM32F4xx_HAL_Driver/Src/stm32f4xx_hal_pcd_ex.o
                0x00000000080024da                HAL_PCDEx_SetRxFiFo
 .text.HAL_PCDEx_LPM_Callback
                0x00000000080024fc       0x18 ./Drivers/STM32F4xx_HAL_Driver/Src/stm32f4xx_hal_pcd_ex.o
                0x00000000080024fc                HAL_PCDEx_LPM_Callback
 .text.HAL_RCC_OscConfig
                0x0000000008002514      0x4f0 ./Drivers/STM32F4xx_HAL_Driver/Src/stm32f4xx_hal_rcc.o
                0x0000000008002514                HAL_RCC_OscConfig
 .text.HAL_RCC_ClockConfig
                0x0000000008002a04      0x1cc ./Drivers/STM32F4xx_HAL_Driver/Src/stm32f4xx_hal_rcc.o
                0x0000000008002a04                HAL_RCC_ClockConfig
 .text.HAL_RCC_GetSysClockFreq
                0x0000000008002bd0      0x18c ./Drivers/STM32F4xx_HAL_Driver/Src/stm32f4xx_hal_rcc.o
                0x0000000008002bd0                HAL_RCC_GetSysClockFreq
 .text.HAL_RCC_GetHCLKFreq
                0x0000000008002d5c       0x18 ./Drivers/STM32F4xx_HAL_Driver/Src/stm32f4xx_hal_rcc.o
                0x0000000008002d5c                HAL_RCC_GetHCLKFreq
 .text.HAL_TIM_OC_Init
                0x0000000008002d74       0x9e ./Drivers/STM32F4xx_HAL_Driver/Src/stm32f4xx_hal_tim.o
                0x0000000008002d74                HAL_TIM_OC_Init
 .text.HAL_TIM_IRQHandler
                0x0000000008002e12      0x210 ./Drivers/STM32F4xx_HAL_Driver/Src/stm32f4xx_hal_tim.o
                0x0000000008002e12                HAL_TIM_IRQHandler
 *fill*         0x0000000008003022        0x2 
 .text.HAL_TIM_OC_ConfigChannel
                0x0000000008003024       0xb8 ./Drivers/STM32F4xx_HAL_Driver/Src/stm32f4xx_hal_tim.o
                0x0000000008003024                HAL_TIM_OC_ConfigChannel
 .text.HAL_TIM_PeriodElapsedCallback
                0x00000000080030dc       0x14 ./Drivers/STM32F4xx_HAL_Driver/Src/stm32f4xx_hal_tim.o
                0x00000000080030dc                HAL_TIM_PeriodElapsedCallback
 .text.HAL_TIM_OC_DelayElapsedCallback
                0x00000000080030f0       0x14 ./Drivers/STM32F4xx_HAL_Driver/Src/stm32f4xx_hal_tim.o
                0x00000000080030f0                HAL_TIM_OC_DelayElapsedCallback
 .text.HAL_TIM_IC_CaptureCallback
                0x0000000008003104       0x14 ./Drivers/STM32F4xx_HAL_Driver/Src/stm32f4xx_hal_tim.o
                0x0000000008003104                HAL_TIM_IC_CaptureCallback
 .text.HAL_TIM_PWM_PulseFinishedCallback
                0x0000000008003118       0x14 ./Drivers/STM32F4xx_HAL_Driver/Src/stm32f4xx_hal_tim.o
                0x0000000008003118                HAL_TIM_PWM_PulseFinishedCallback
 .text.HAL_TIM_TriggerCallback
                0x000000000800312c       0x14 ./Drivers/STM32F4xx_HAL_Driver/Src/stm32f4xx_hal_tim.o
                0x000000000800312c                HAL_TIM_TriggerCallback
 .text.TIM_Base_SetConfig
                0x0000000008003140      0x100 ./Drivers/STM32F4xx_HAL_Driver/Src/stm32f4xx_hal_tim.o
                0x0000000008003140                TIM_Base_SetConfig
 .text.TIM_OC1_SetConfig
                0x0000000008003240       0xcc ./Drivers/STM32F4xx_HAL_Driver/Src/stm32f4xx_hal_tim.o
 .text.TIM_OC2_SetConfig
                0x000000000800330c       0xd8 ./Drivers/STM32F4xx_HAL_Driver/Src/stm32f4xx_hal_tim.o
                0x000000000800330c                TIM_OC2_SetConfig
 .text.TIM_OC3_SetConfig
                0x00000000080033e4       0xd4 ./Drivers/STM32F4xx_HAL_Driver/Src/stm32f4xx_hal_tim.o
 .text.TIM_OC4_SetConfig
                0x00000000080034b8       0xa0 ./Drivers/STM32F4xx_HAL_Driver/Src/stm32f4xx_hal_tim.o
 .text.HAL_TIMEx_MasterConfigSynchronization
                0x0000000008003558       0xdc ./Drivers/STM32F4xx_HAL_Driver/Src/stm32f4xx_hal_tim_ex.o
                0x0000000008003558                HAL_TIMEx_MasterConfigSynchronization
 .text.HAL_TIMEx_ConfigBreakDeadTime
                0x0000000008003634       0xa4 ./Drivers/STM32F4xx_HAL_Driver/Src/stm32f4xx_hal_tim_ex.o
                0x0000000008003634                HAL_TIMEx_ConfigBreakDeadTime
 .text.HAL_TIMEx_CommutCallback
                0x00000000080036d8       0x14 ./Drivers/STM32F4xx_HAL_Driver/Src/stm32f4xx_hal_tim_ex.o
                0x00000000080036d8                HAL_TIMEx_CommutCallback
 .text.HAL_TIMEx_BreakCallback
                0x00000000080036ec       0x14 ./Drivers/STM32F4xx_HAL_Driver/Src/stm32f4xx_hal_tim_ex.o
                0x00000000080036ec                HAL_TIMEx_BreakCallback
 .text.USB_CoreInit
                0x0000000008003700       0xc2 ./Drivers/STM32F4xx_HAL_Driver/Src/stm32f4xx_ll_usb.o
                0x0000000008003700                USB_CoreInit
 *fill*         0x00000000080037c2        0x2 
 .text.USB_SetTurnaroundTime
                0x00000000080037c4      0x144 ./Drivers/STM32F4xx_HAL_Driver/Src/stm32f4xx_ll_usb.o
                0x00000000080037c4                USB_SetTurnaroundTime
 .text.USB_EnableGlobalInt
                0x0000000008003908       0x22 ./Drivers/STM32F4xx_HAL_Driver/Src/stm32f4xx_ll_usb.o
                0x0000000008003908                USB_EnableGlobalInt
 .text.USB_DisableGlobalInt
                0x000000000800392a       0x22 ./Drivers/STM32F4xx_HAL_Driver/Src/stm32f4xx_ll_usb.o
                0x000000000800392a                USB_DisableGlobalInt
 .text.USB_SetCurrentMode
                0x000000000800394c       0x98 ./Drivers/STM32F4xx_HAL_Driver/Src/stm32f4xx_ll_usb.o
                0x000000000800394c                USB_SetCurrentMode
 .text.USB_DevInit
                0x00000000080039e4      0x2c8 ./Drivers/STM32F4xx_HAL_Driver/Src/stm32f4xx_ll_usb.o
                0x00000000080039e4                USB_DevInit
 .text.USB_FlushTxFifo
                0x0000000008003cac       0x68 ./Drivers/STM32F4xx_HAL_Driver/Src/stm32f4xx_ll_usb.o
                0x0000000008003cac                USB_FlushTxFifo
 .text.USB_FlushRxFifo
                0x0000000008003d14       0x60 ./Drivers/STM32F4xx_HAL_Driver/Src/stm32f4xx_ll_usb.o
                0x0000000008003d14                USB_FlushRxFifo
 .text.USB_SetDevSpeed
                0x0000000008003d74       0x32 ./Drivers/STM32F4xx_HAL_Driver/Src/stm32f4xx_ll_usb.o
                0x0000000008003d74                USB_SetDevSpeed
 .text.USB_GetDevSpeed
                0x0000000008003da6       0x4a ./Drivers/STM32F4xx_HAL_Driver/Src/stm32f4xx_ll_usb.o
                0x0000000008003da6                USB_GetDevSpeed
 .text.USB_ActivateEndpoint
                0x0000000008003df0      0x10e ./Drivers/STM32F4xx_HAL_Driver/Src/stm32f4xx_ll_usb.o
                0x0000000008003df0                USB_ActivateEndpoint
 *fill*         0x0000000008003efe        0x2 
 .text.USB_DeactivateEndpoint
                0x0000000008003f00      0x1b8 ./Drivers/STM32F4xx_HAL_Driver/Src/stm32f4xx_ll_usb.o
                0x0000000008003f00                USB_DeactivateEndpoint
 .text.USB_EPStartXfer
                0x00000000080040b8      0x490 ./Drivers/STM32F4xx_HAL_Driver/Src/stm32f4xx_ll_usb.o
                0x00000000080040b8                USB_EPStartXfer
 .text.USB_EP0StartXfer
                0x0000000008004548      0x2b0 ./Drivers/STM32F4xx_HAL_Driver/Src/stm32f4xx_ll_usb.o
                0x0000000008004548                USB_EP0StartXfer
 .text.USB_EPStopXfer
                0x00000000080047f8      0x154 ./Drivers/STM32F4xx_HAL_Driver/Src/stm32f4xx_ll_usb.o
                0x00000000080047f8                USB_EPStopXfer
 .text.USB_WritePacket
                0x000000000800494c       0x7c ./Drivers/STM32F4xx_HAL_Driver/Src/stm32f4xx_ll_usb.o
                0x000000000800494c                USB_WritePacket
 .text.USB_ReadPacket
                0x00000000080049c8       0xb0 ./Drivers/STM32F4xx_HAL_Driver/Src/stm32f4xx_ll_usb.o
                0x00000000080049c8                USB_ReadPacket
 .text.USB_EPSetStall
                0x0000000008004a78       0xdc ./Drivers/STM32F4xx_HAL_Driver/Src/stm32f4xx_ll_usb.o
                0x0000000008004a78                USB_EPSetStall
 .text.USB_EPClearStall
                0x0000000008004b54       0xcc ./Drivers/STM32F4xx_HAL_Driver/Src/stm32f4xx_ll_usb.o
                0x0000000008004b54                USB_EPClearStall
 .text.USB_SetDevAddress
                0x0000000008004c20       0x4c ./Drivers/STM32F4xx_HAL_Driver/Src/stm32f4xx_ll_usb.o
                0x0000000008004c20                USB_SetDevAddress
 .text.USB_DevConnect
                0x0000000008004c6c       0x42 ./Drivers/STM32F4xx_HAL_Driver/Src/stm32f4xx_ll_usb.o
                0x0000000008004c6c                USB_DevConnect
 .text.USB_DevDisconnect
                0x0000000008004cae       0x42 ./Drivers/STM32F4xx_HAL_Driver/Src/stm32f4xx_ll_usb.o
                0x0000000008004cae                USB_DevDisconnect
 .text.USB_ReadInterrupts
                0x0000000008004cf0       0x26 ./Drivers/STM32F4xx_HAL_Driver/Src/stm32f4xx_ll_usb.o
                0x0000000008004cf0                USB_ReadInterrupts
 .text.USB_ReadDevAllOutEpInterrupt
                0x0000000008004d16       0x34 ./Drivers/STM32F4xx_HAL_Driver/Src/stm32f4xx_ll_usb.o
                0x0000000008004d16                USB_ReadDevAllOutEpInterrupt
 .text.USB_ReadDevAllInEpInterrupt
                0x0000000008004d4a       0x34 ./Drivers/STM32F4xx_HAL_Driver/Src/stm32f4xx_ll_usb.o
                0x0000000008004d4a                USB_ReadDevAllInEpInterrupt
 .text.USB_ReadDevOutEPInterrupt
                0x0000000008004d7e       0x3c ./Drivers/STM32F4xx_HAL_Driver/Src/stm32f4xx_ll_usb.o
                0x0000000008004d7e                USB_ReadDevOutEPInterrupt
 .text.USB_ReadDevInEPInterrupt
                0x0000000008004dba       0x5c ./Drivers/STM32F4xx_HAL_Driver/Src/stm32f4xx_ll_usb.o
                0x0000000008004dba                USB_ReadDevInEPInterrupt
 .text.USB_GetMode
                0x0000000008004e16       0x1c ./Drivers/STM32F4xx_HAL_Driver/Src/stm32f4xx_ll_usb.o
                0x0000000008004e16                USB_GetMode
 .text.USB_ActivateSetup
                0x0000000008004e32       0x46 ./Drivers/STM32F4xx_HAL_Driver/Src/stm32f4xx_ll_usb.o
                0x0000000008004e32                USB_ActivateSetup
 .text.USB_EP0_OutStart
                0x0000000008004e78       0xbc ./Drivers/STM32F4xx_HAL_Driver/Src/stm32f4xx_ll_usb.o
                0x0000000008004e78                USB_EP0_OutStart
 .text.USB_CoreReset
                0x0000000008004f34       0x68 ./Drivers/STM32F4xx_HAL_Driver/Src/stm32f4xx_ll_usb.o
 .text.USBD_CDC_Init
                0x0000000008004f9c      0x1f0 ./Middlewares/ST/STM32_USB_Device_Library/Class/CDC/Src/usbd_cdc.o
 .text.USBD_CDC_DeInit
                0x000000000800518c      0x104 ./Middlewares/ST/STM32_USB_Device_Library/Class/CDC/Src/usbd_cdc.o
 .text.USBD_CDC_Setup
                0x0000000008005290      0x1b8 ./Middlewares/ST/STM32_USB_Device_Library/Class/CDC/Src/usbd_cdc.o
 .text.USBD_CDC_DataIn
                0x0000000008005448       0xfe ./Middlewares/ST/STM32_USB_Device_Library/Class/CDC/Src/usbd_cdc.o
 .text.USBD_CDC_DataOut
                0x0000000008005546       0x70 ./Middlewares/ST/STM32_USB_Device_Library/Class/CDC/Src/usbd_cdc.o
 .text.USBD_CDC_EP0_RxReady
                0x00000000080055b6       0x76 ./Middlewares/ST/STM32_USB_Device_Library/Class/CDC/Src/usbd_cdc.o
 .text.USBD_CDC_GetFSCfgDesc
                0x000000000800562c       0x70 ./Middlewares/ST/STM32_USB_Device_Library/Class/CDC/Src/usbd_cdc.o
 .text.USBD_CDC_GetHSCfgDesc
                0x000000000800569c       0x70 ./Middlewares/ST/STM32_USB_Device_Library/Class/CDC/Src/usbd_cdc.o
 .text.USBD_CDC_GetOtherSpeedCfgDesc
                0x000000000800570c       0x70 ./Middlewares/ST/STM32_USB_Device_Library/Class/CDC/Src/usbd_cdc.o
 .text.USBD_CDC_GetDeviceQualifierDescriptor
                0x000000000800577c       0x20 ./Middlewares/ST/STM32_USB_Device_Library/Class/CDC/Src/usbd_cdc.o
                0x000000000800577c                USBD_CDC_GetDeviceQualifierDescriptor
 .text.USBD_CDC_RegisterInterface
                0x000000000800579c       0x34 ./Middlewares/ST/STM32_USB_Device_Library/Class/CDC/Src/usbd_cdc.o
                0x000000000800579c                USBD_CDC_RegisterInterface
 .text.USBD_CDC_SetTxBuffer
                0x00000000080057d0       0x44 ./Middlewares/ST/STM32_USB_Device_Library/Class/CDC/Src/usbd_cdc.o
                0x00000000080057d0                USBD_CDC_SetTxBuffer
 .text.USBD_CDC_SetRxBuffer
                0x0000000008005814       0x3a ./Middlewares/ST/STM32_USB_Device_Library/Class/CDC/Src/usbd_cdc.o
                0x0000000008005814                USBD_CDC_SetRxBuffer
 *fill*         0x000000000800584e        0x2 
 .text.USBD_CDC_TransmitPacket
                0x0000000008005850       0x8c ./Middlewares/ST/STM32_USB_Device_Library/Class/CDC/Src/usbd_cdc.o
                0x0000000008005850                USBD_CDC_TransmitPacket
 .text.USBD_CDC_ReceivePacket
                0x00000000080058dc       0x6c ./Middlewares/ST/STM32_USB_Device_Library/Class/CDC/Src/usbd_cdc.o
                0x00000000080058dc                USBD_CDC_ReceivePacket
 .text.USBD_Init
                0x0000000008005948       0x60 ./Middlewares/ST/STM32_USB_Device_Library/Core/Src/usbd_core.o
                0x0000000008005948                USBD_Init
 .text.USBD_RegisterClass
                0x00000000080059a8       0x6c ./Middlewares/ST/STM32_USB_Device_Library/Core/Src/usbd_core.o
                0x00000000080059a8                USBD_RegisterClass
 .text.USBD_Start
                0x0000000008005a14       0x18 ./Middlewares/ST/STM32_USB_Device_Library/Core/Src/usbd_core.o
                0x0000000008005a14                USBD_Start
 .text.USBD_RunTestMode
                0x0000000008005a2c       0x16 ./Middlewares/ST/STM32_USB_Device_Library/Core/Src/usbd_core.o
                0x0000000008005a2c                USBD_RunTestMode
 .text.USBD_SetClassConfig
                0x0000000008005a42       0x38 ./Middlewares/ST/STM32_USB_Device_Library/Core/Src/usbd_core.o
                0x0000000008005a42                USBD_SetClassConfig
 .text.USBD_ClrClassConfig
                0x0000000008005a7a       0x34 ./Middlewares/ST/STM32_USB_Device_Library/Core/Src/usbd_core.o
                0x0000000008005a7a                USBD_ClrClassConfig
 .text.USBD_LL_SetupStage
                0x0000000008005aae       0xaa ./Middlewares/ST/STM32_USB_Device_Library/Core/Src/usbd_core.o
                0x0000000008005aae                USBD_LL_SetupStage
 .text.USBD_LL_DataOutStage
                0x0000000008005b58      0x166 ./Middlewares/ST/STM32_USB_Device_Library/Core/Src/usbd_core.o
                0x0000000008005b58                USBD_LL_DataOutStage
 .text.USBD_LL_DataInStage
                0x0000000008005cbe      0x164 ./Middlewares/ST/STM32_USB_Device_Library/Core/Src/usbd_core.o
                0x0000000008005cbe                USBD_LL_DataInStage
 .text.USBD_LL_Reset
                0x0000000008005e22       0xa4 ./Middlewares/ST/STM32_USB_Device_Library/Core/Src/usbd_core.o
                0x0000000008005e22                USBD_LL_Reset
 .text.USBD_LL_SetSpeed
                0x0000000008005ec6       0x20 ./Middlewares/ST/STM32_USB_Device_Library/Core/Src/usbd_core.o
                0x0000000008005ec6                USBD_LL_SetSpeed
 .text.USBD_LL_Suspend
                0x0000000008005ee6       0x2c ./Middlewares/ST/STM32_USB_Device_Library/Core/Src/usbd_core.o
                0x0000000008005ee6                USBD_LL_Suspend
 .text.USBD_LL_Resume
                0x0000000008005f12       0x30 ./Middlewares/ST/STM32_USB_Device_Library/Core/Src/usbd_core.o
                0x0000000008005f12                USBD_LL_Resume
 .text.USBD_LL_SOF
                0x0000000008005f42       0x40 ./Middlewares/ST/STM32_USB_Device_Library/Core/Src/usbd_core.o
                0x0000000008005f42                USBD_LL_SOF
 .text.USBD_LL_IsoINIncomplete
                0x0000000008005f82       0x64 ./Middlewares/ST/STM32_USB_Device_Library/Core/Src/usbd_core.o
                0x0000000008005f82                USBD_LL_IsoINIncomplete
 .text.USBD_LL_IsoOUTIncomplete
                0x0000000008005fe6       0x64 ./Middlewares/ST/STM32_USB_Device_Library/Core/Src/usbd_core.o
                0x0000000008005fe6                USBD_LL_IsoOUTIncomplete
 .text.USBD_LL_DevConnected
                0x000000000800604a       0x16 ./Middlewares/ST/STM32_USB_Device_Library/Core/Src/usbd_core.o
                0x000000000800604a                USBD_LL_DevConnected
 .text.USBD_LL_DevDisconnected
                0x0000000008006060       0x46 ./Middlewares/ST/STM32_USB_Device_Library/Core/Src/usbd_core.o
                0x0000000008006060                USBD_LL_DevDisconnected
 .text.USBD_CoreFindIF
                0x00000000080060a6       0x1a ./Middlewares/ST/STM32_USB_Device_Library/Core/Src/usbd_core.o
                0x00000000080060a6                USBD_CoreFindIF
 .text.USBD_CoreFindEP
                0x00000000080060c0       0x1a ./Middlewares/ST/STM32_USB_Device_Library/Core/Src/usbd_core.o
                0x00000000080060c0                USBD_CoreFindEP
 .text.USBD_GetEpDesc
                0x00000000080060da       0x74 ./Middlewares/ST/STM32_USB_Device_Library/Core/Src/usbd_core.o
                0x00000000080060da                USBD_GetEpDesc
 .text.USBD_GetNextDesc
                0x000000000800614e       0x3a ./Middlewares/ST/STM32_USB_Device_Library/Core/Src/usbd_core.o
                0x000000000800614e                USBD_GetNextDesc
 .text.SWAPBYTE
                0x0000000008006188       0x3c ./Middlewares/ST/STM32_USB_Device_Library/Core/Src/usbd_ctlreq.o
 .text.USBD_StdDevReq
                0x00000000080061c4       0xe4 ./Middlewares/ST/STM32_USB_Device_Library/Core/Src/usbd_ctlreq.o
                0x00000000080061c4                USBD_StdDevReq
 .text.USBD_StdItfReq
                0x00000000080062a8       0xd8 ./Middlewares/ST/STM32_USB_Device_Library/Core/Src/usbd_ctlreq.o
                0x00000000080062a8                USBD_StdItfReq
 .text.USBD_StdEPReq
                0x0000000008006380      0x33a ./Middlewares/ST/STM32_USB_Device_Library/Core/Src/usbd_ctlreq.o
                0x0000000008006380                USBD_StdEPReq
 *fill*         0x00000000080066ba        0x2 
 .text.USBD_GetDescriptor
                0x00000000080066bc      0x2d4 ./Middlewares/ST/STM32_USB_Device_Library/Core/Src/usbd_ctlreq.o
 .text.USBD_SetAddress
                0x0000000008006990       0x88 ./Middlewares/ST/STM32_USB_Device_Library/Core/Src/usbd_ctlreq.o
 .text.USBD_SetConfig
                0x0000000008006a18      0x154 ./Middlewares/ST/STM32_USB_Device_Library/Core/Src/usbd_ctlreq.o
 .text.USBD_GetConfig
                0x0000000008006b6c       0x6c ./Middlewares/ST/STM32_USB_Device_Library/Core/Src/usbd_ctlreq.o
 .text.USBD_GetStatus
                0x0000000008006bd8       0x68 ./Middlewares/ST/STM32_USB_Device_Library/Core/Src/usbd_ctlreq.o
 .text.USBD_SetFeature
                0x0000000008006c40       0x52 ./Middlewares/ST/STM32_USB_Device_Library/Core/Src/usbd_ctlreq.o
 .text.USBD_ClrFeature
                0x0000000008006c92       0x44 ./Middlewares/ST/STM32_USB_Device_Library/Core/Src/usbd_ctlreq.o
 .text.USBD_ParseSetupRequest
                0x0000000008006cd6       0x74 ./Middlewares/ST/STM32_USB_Device_Library/Core/Src/usbd_ctlreq.o
                0x0000000008006cd6                USBD_ParseSetupRequest
 .text.USBD_CtlError
                0x0000000008006d4a       0x22 ./Middlewares/ST/STM32_USB_Device_Library/Core/Src/usbd_ctlreq.o
                0x0000000008006d4a                USBD_CtlError
 .text.USBD_GetString
                0x0000000008006d6c       0x8c ./Middlewares/ST/STM32_USB_Device_Library/Core/Src/usbd_ctlreq.o
                0x0000000008006d6c                USBD_GetString
 .text.USBD_GetLen
                0x0000000008006df8       0x34 ./Middlewares/ST/STM32_USB_Device_Library/Core/Src/usbd_ctlreq.o
 .text.USBD_CtlSendData
                0x0000000008006e2c       0x36 ./Middlewares/ST/STM32_USB_Device_Library/Core/Src/usbd_ioreq.o
                0x0000000008006e2c                USBD_CtlSendData
 .text.USBD_CtlContinueSendData
                0x0000000008006e62       0x22 ./Middlewares/ST/STM32_USB_Device_Library/Core/Src/usbd_ioreq.o
                0x0000000008006e62                USBD_CtlContinueSendData
 .text.USBD_CtlPrepareRx
                0x0000000008006e84       0x3a ./Middlewares/ST/STM32_USB_Device_Library/Core/Src/usbd_ioreq.o
                0x0000000008006e84                USBD_CtlPrepareRx
 .text.USBD_CtlContinueRx
                0x0000000008006ebe       0x22 ./Middlewares/ST/STM32_USB_Device_Library/Core/Src/usbd_ioreq.o
                0x0000000008006ebe                USBD_CtlContinueRx
 .text.USBD_CtlSendStatus
                0x0000000008006ee0       0x26 ./Middlewares/ST/STM32_USB_Device_Library/Core/Src/usbd_ioreq.o
                0x0000000008006ee0                USBD_CtlSendStatus
 .text.USBD_CtlReceiveStatus
                0x0000000008006f06       0x26 ./Middlewares/ST/STM32_USB_Device_Library/Core/Src/usbd_ioreq.o
                0x0000000008006f06                USBD_CtlReceiveStatus
 .text.MX_USB_DEVICE_Init
                0x0000000008006f2c       0x60 ./USB_DEVICE/App/usb_device.o
                0x0000000008006f2c                MX_USB_DEVICE_Init
 .text.CDC_Init_FS
                0x0000000008006f8c       0x28 ./USB_DEVICE/App/usbd_cdc_if.o
 .text.CDC_DeInit_FS
                0x0000000008006fb4       0x10 ./USB_DEVICE/App/usbd_cdc_if.o
 .text.CDC_Control_FS
                0x0000000008006fc4       0xbc ./USB_DEVICE/App/usbd_cdc_if.o
 .text.CDC_Receive_FS
                0x0000000008007080       0x4c ./USB_DEVICE/App/usbd_cdc_if.o
 .text.CDC_Transmit_FS
                0x00000000080070cc       0x4c ./USB_DEVICE/App/usbd_cdc_if.o
                0x00000000080070cc                CDC_Transmit_FS
 .text.CDC_TransmitCplt_FS
                0x0000000008007118       0x22 ./USB_DEVICE/App/usbd_cdc_if.o
 *fill*         0x000000000800713a        0x2 
 .text.USBD_FS_DeviceDescriptor
                0x000000000800713c       0x24 ./USB_DEVICE/App/usbd_desc.o
                0x000000000800713c                USBD_FS_DeviceDescriptor
 .text.USBD_FS_LangIDStrDescriptor
                0x0000000008007160       0x24 ./USB_DEVICE/App/usbd_desc.o
                0x0000000008007160                USBD_FS_LangIDStrDescriptor
 .text.USBD_FS_ProductStrDescriptor
                0x0000000008007184       0x3c ./USB_DEVICE/App/usbd_desc.o
                0x0000000008007184                USBD_FS_ProductStrDescriptor
 .text.USBD_FS_ManufacturerStrDescriptor
                0x00000000080071c0       0x28 ./USB_DEVICE/App/usbd_desc.o
                0x00000000080071c0                USBD_FS_ManufacturerStrDescriptor
 .text.USBD_FS_SerialStrDescriptor
                0x00000000080071e8       0x24 ./USB_DEVICE/App/usbd_desc.o
                0x00000000080071e8                USBD_FS_SerialStrDescriptor
 .text.USBD_FS_ConfigStrDescriptor
                0x000000000800720c       0x3c ./USB_DEVICE/App/usbd_desc.o
                0x000000000800720c                USBD_FS_ConfigStrDescriptor
 .text.USBD_FS_InterfaceStrDescriptor
                0x0000000008007248       0x3c ./USB_DEVICE/App/usbd_desc.o
                0x0000000008007248                USBD_FS_InterfaceStrDescriptor
 .text.Get_SerialNum
                0x0000000008007284       0x58 ./USB_DEVICE/App/usbd_desc.o
 .text.IntToUnicode
                0x00000000080072dc       0x7e ./USB_DEVICE/App/usbd_desc.o
 *fill*         0x000000000800735a        0x2 
 .text.HAL_PCD_MspInit
                0x000000000800735c       0xa8 ./USB_DEVICE/Target/usbd_conf.o
                0x000000000800735c                HAL_PCD_MspInit
 .text.HAL_PCD_SetupStageCallback
                0x0000000008007404       0x24 ./USB_DEVICE/Target/usbd_conf.o
                0x0000000008007404                HAL_PCD_SetupStageCallback
 .text.HAL_PCD_DataOutStageCallback
                0x0000000008007428       0x36 ./USB_DEVICE/Target/usbd_conf.o
                0x0000000008007428                HAL_PCD_DataOutStageCallback
 .text.HAL_PCD_DataInStageCallback
                0x000000000800745e       0x34 ./USB_DEVICE/Target/usbd_conf.o
                0x000000000800745e                HAL_PCD_DataInStageCallback
 .text.HAL_PCD_SOFCallback
                0x0000000008007492       0x1c ./USB_DEVICE/Target/usbd_conf.o
                0x0000000008007492                HAL_PCD_SOFCallback
 .text.HAL_PCD_ResetCallback
                0x00000000080074ae       0x3c ./USB_DEVICE/Target/usbd_conf.o
                0x00000000080074ae                HAL_PCD_ResetCallback
 *fill*         0x00000000080074ea        0x2 
 .text.HAL_PCD_SuspendCallback
                0x00000000080074ec       0x4c ./USB_DEVICE/Target/usbd_conf.o
                0x00000000080074ec                HAL_PCD_SuspendCallback
 .text.HAL_PCD_ResumeCallback
                0x0000000008007538       0x1c ./USB_DEVICE/Target/usbd_conf.o
                0x0000000008007538                HAL_PCD_ResumeCallback
 .text.HAL_PCD_ISOOUTIncompleteCallback
                0x0000000008007554       0x24 ./USB_DEVICE/Target/usbd_conf.o
                0x0000000008007554                HAL_PCD_ISOOUTIncompleteCallback
 .text.HAL_PCD_ISOINIncompleteCallback
                0x0000000008007578       0x24 ./USB_DEVICE/Target/usbd_conf.o
                0x0000000008007578                HAL_PCD_ISOINIncompleteCallback
 .text.HAL_PCD_ConnectCallback
                0x000000000800759c       0x1c ./USB_DEVICE/Target/usbd_conf.o
                0x000000000800759c                HAL_PCD_ConnectCallback
 .text.HAL_PCD_DisconnectCallback
                0x00000000080075b8       0x1c ./USB_DEVICE/Target/usbd_conf.o
                0x00000000080075b8                HAL_PCD_DisconnectCallback
 .text.USBD_LL_Init
                0x00000000080075d4       0x98 ./USB_DEVICE/Target/usbd_conf.o
                0x00000000080075d4                USBD_LL_Init
 .text.USBD_LL_Start
                0x000000000800766c       0x36 ./USB_DEVICE/Target/usbd_conf.o
                0x000000000800766c                USBD_LL_Start
 .text.USBD_LL_OpenEP
                0x00000000080076a2       0x4c ./USB_DEVICE/Target/usbd_conf.o
                0x00000000080076a2                USBD_LL_OpenEP
 .text.USBD_LL_CloseEP
                0x00000000080076ee       0x3e ./USB_DEVICE/Target/usbd_conf.o
                0x00000000080076ee                USBD_LL_CloseEP
 .text.USBD_LL_StallEP
                0x000000000800772c       0x3e ./USB_DEVICE/Target/usbd_conf.o
                0x000000000800772c                USBD_LL_StallEP
 .text.USBD_LL_ClearStallEP
                0x000000000800776a       0x3e ./USB_DEVICE/Target/usbd_conf.o
                0x000000000800776a                USBD_LL_ClearStallEP
 .text.USBD_LL_IsStallEP
                0x00000000080077a8       0x58 ./USB_DEVICE/Target/usbd_conf.o
                0x00000000080077a8                USBD_LL_IsStallEP
 .text.USBD_LL_SetUSBAddress
                0x0000000008007800       0x3e ./USB_DEVICE/Target/usbd_conf.o
                0x0000000008007800                USBD_LL_SetUSBAddress
 .text.USBD_LL_Transmit
                0x000000000800783e       0x42 ./USB_DEVICE/Target/usbd_conf.o
                0x000000000800783e                USBD_LL_Transmit
 .text.USBD_LL_PrepareReceive
                0x0000000008007880       0x42 ./USB_DEVICE/Target/usbd_conf.o
                0x0000000008007880                USBD_LL_PrepareReceive
 .text.USBD_LL_GetRxDataSize
                0x00000000080078c2       0x26 ./USB_DEVICE/Target/usbd_conf.o
                0x00000000080078c2                USBD_LL_GetRxDataSize
 .text.USBD_static_malloc
                0x00000000080078e8       0x1c ./USB_DEVICE/Target/usbd_conf.o
                0x00000000080078e8                USBD_static_malloc
 .text.USBD_static_free
                0x0000000008007904       0x14 ./USB_DEVICE/Target/usbd_conf.o
                0x0000000008007904                USBD_static_free
 .text.USBD_Get_USB_Status
                0x0000000008007918       0x58 ./USB_DEVICE/Target/usbd_conf.o
                0x0000000008007918                USBD_Get_USB_Status
 .text.__libc_init_array
                0x0000000008007970       0x48 c:/st/stm32cubeide_1.12.1/stm32cubeide/plugins/com.st.stm32cube.ide.mcu.externaltools.gnu-tools-for-stm32.10.3-2021.10.win32_1.0.200.202301161003/tools/bin/../lib/gcc/arm-none-eabi/10.3.1/../../../../arm-none-eabi/lib/thumb/v7e-m+fp/hard\libc_nano.a(lib_a-init.o)
                0x0000000008007970                __libc_init_array
 .text.memset   0x00000000080079b8       0x10 c:/st/stm32cubeide_1.12.1/stm32cubeide/plugins/com.st.stm32cube.ide.mcu.externaltools.gnu-tools-for-stm32.10.3-2021.10.win32_1.0.200.202301161003/tools/bin/../lib/gcc/arm-none-eabi/10.3.1/../../../../arm-none-eabi/lib/thumb/v7e-m+fp/hard\libc_nano.a(lib_a-memset.o)
                0x00000000080079b8                memset
 *(.glue_7)
 .glue_7        0x00000000080079c8        0x0 linker stubs
 *(.glue_7t)
 .glue_7t       0x00000000080079c8        0x0 linker stubs
 *(.eh_frame)
 .eh_frame      0x00000000080079c8        0x0 c:/st/stm32cubeide_1.12.1/stm32cubeide/plugins/com.st.stm32cube.ide.mcu.externaltools.gnu-tools-for-stm32.10.3-2021.10.win32_1.0.200.202301161003/tools/bin/../lib/gcc/arm-none-eabi/10.3.1/thumb/v7e-m+fp/hard/crtbegin.o
 *(.init)
 .init          0x00000000080079c8        0x4 c:/st/stm32cubeide_1.12.1/stm32cubeide/plugins/com.st.stm32cube.ide.mcu.externaltools.gnu-tools-for-stm32.10.3-2021.10.win32_1.0.200.202301161003/tools/bin/../lib/gcc/arm-none-eabi/10.3.1/thumb/v7e-m+fp/hard/crti.o
                0x00000000080079c8                _init
 .init          0x00000000080079cc        0x8 c:/st/stm32cubeide_1.12.1/stm32cubeide/plugins/com.st.stm32cube.ide.mcu.externaltools.gnu-tools-for-stm32.10.3-2021.10.win32_1.0.200.202301161003/tools/bin/../lib/gcc/arm-none-eabi/10.3.1/thumb/v7e-m+fp/hard/crtn.o
 *(.fini)
 .fini          0x00000000080079d4        0x4 c:/st/stm32cubeide_1.12.1/stm32cubeide/plugins/com.st.stm32cube.ide.mcu.externaltools.gnu-tools-for-stm32.10.3-2021.10.win32_1.0.200.202301161003/tools/bin/../lib/gcc/arm-none-eabi/10.3.1/thumb/v7e-m+fp/hard/crti.o
                0x00000000080079d4                _fini
 .fini          0x00000000080079d8        0x8 c:/st/stm32cubeide_1.12.1/stm32cubeide/plugins/com.st.stm32cube.ide.mcu.externaltools.gnu-tools-for-stm32.10.3-2021.10.win32_1.0.200.202301161003/tools/bin/../lib/gcc/arm-none-eabi/10.3.1/thumb/v7e-m+fp/hard/crtn.o
                0x00000000080079e0                . = ALIGN (0x4)
                0x00000000080079e0                _etext = .

.vfp11_veneer   0x00000000080079e0        0x0
 .vfp11_veneer  0x00000000080079e0        0x0 linker stubs

.v4_bx          0x00000000080079e0        0x0
 .v4_bx         0x00000000080079e0        0x0 linker stubs

.iplt           0x00000000080079e0        0x0
 .iplt          0x00000000080079e0        0x0 c:/st/stm32cubeide_1.12.1/stm32cubeide/plugins/com.st.stm32cube.ide.mcu.externaltools.gnu-tools-for-stm32.10.3-2021.10.win32_1.0.200.202301161003/tools/bin/../lib/gcc/arm-none-eabi/10.3.1/thumb/v7e-m+fp/hard/crtbegin.o

.rodata         0x00000000080079e0       0x58
                0x00000000080079e0                . = ALIGN (0x4)
 *(.rodata)
 .rodata        0x00000000080079e0       0x46 ./USB_DEVICE/App/usbd_desc.o
 *(.rodata*)
 *fill*         0x0000000008007a26        0x2 
 .rodata.AHBPrescTable
                0x0000000008007a28       0x10 ./Core/Src/system_stm32f4xx.o
                0x0000000008007a28                AHBPrescTable
                0x0000000008007a38                . = ALIGN (0x4)

.ARM.extab      0x0000000008007a38        0x0
                0x0000000008007a38                . = ALIGN (0x4)
 *(.ARM.extab* .gnu.linkonce.armextab.*)
                0x0000000008007a38                . = ALIGN (0x4)

.ARM            0x0000000008007a38        0x8
                0x0000000008007a38                . = ALIGN (0x4)
                0x0000000008007a38                __exidx_start = .
 *(.ARM.exidx*)
 .ARM.exidx     0x0000000008007a38        0x8 c:/st/stm32cubeide_1.12.1/stm32cubeide/plugins/com.st.stm32cube.ide.mcu.externaltools.gnu-tools-for-stm32.10.3-2021.10.win32_1.0.200.202301161003/tools/bin/../lib/gcc/arm-none-eabi/10.3.1/thumb/v7e-m+fp/hard\libgcc.a(_udivmoddi4.o)
                0x0000000008007a40                __exidx_end = .
                0x0000000008007a40                . = ALIGN (0x4)

.rel.dyn        0x0000000008007a40        0x0
 .rel.iplt      0x0000000008007a40        0x0 c:/st/stm32cubeide_1.12.1/stm32cubeide/plugins/com.st.stm32cube.ide.mcu.externaltools.gnu-tools-for-stm32.10.3-2021.10.win32_1.0.200.202301161003/tools/bin/../lib/gcc/arm-none-eabi/10.3.1/thumb/v7e-m+fp/hard/crtbegin.o

.preinit_array  0x0000000008007a40        0x0
                0x0000000008007a40                . = ALIGN (0x4)
                0x0000000008007a40                PROVIDE (__preinit_array_start = .)
 *(.preinit_array*)
                0x0000000008007a40                PROVIDE (__preinit_array_end = .)
                0x0000000008007a40                . = ALIGN (0x4)

.init_array     0x0000000008007a40        0x4
                0x0000000008007a40                . = ALIGN (0x4)
                0x0000000008007a40                PROVIDE (__init_array_start = .)
 *(SORT_BY_NAME(.init_array.*))
 *(.init_array*)
 .init_array    0x0000000008007a40        0x4 c:/st/stm32cubeide_1.12.1/stm32cubeide/plugins/com.st.stm32cube.ide.mcu.externaltools.gnu-tools-for-stm32.10.3-2021.10.win32_1.0.200.202301161003/tools/bin/../lib/gcc/arm-none-eabi/10.3.1/thumb/v7e-m+fp/hard/crtbegin.o
                0x0000000008007a44                PROVIDE (__init_array_end = .)
                0x0000000008007a44                . = ALIGN (0x4)

.fini_array     0x0000000008007a44        0x4
                0x0000000008007a44                . = ALIGN (0x4)
                [!provide]                        PROVIDE (__fini_array_start = .)
 *(SORT_BY_NAME(.fini_array.*))
 *(.fini_array*)
 .fini_array    0x0000000008007a44        0x4 c:/st/stm32cubeide_1.12.1/stm32cubeide/plugins/com.st.stm32cube.ide.mcu.externaltools.gnu-tools-for-stm32.10.3-2021.10.win32_1.0.200.202301161003/tools/bin/../lib/gcc/arm-none-eabi/10.3.1/thumb/v7e-m+fp/hard/crtbegin.o
                [!provide]                        PROVIDE (__fini_array_end = .)
                0x0000000008007a48                . = ALIGN (0x4)
                0x0000000008007a48                _sidata = LOADADDR (.data)

.data           0x0000000020000000      0x100 load address 0x0000000008007a48
                0x0000000020000000                . = ALIGN (0x4)
                0x0000000020000000                _sdata = .
 *(.data)
 *(.data*)
 .data.value    0x0000000020000000        0x2 ./Core/Src/main.o
                0x0000000020000000                value
 *fill*         0x0000000020000002        0x2 
 .data.SystemCoreClock
                0x0000000020000004        0x4 ./Core/Src/system_stm32f4xx.o
                0x0000000020000004                SystemCoreClock
 .data.uwTickPrio
                0x0000000020000008        0x4 ./Drivers/STM32F4xx_HAL_Driver/Src/stm32f4xx_hal.o
                0x0000000020000008                uwTickPrio
 .data.uwTickFreq
                0x000000002000000c        0x1 ./Drivers/STM32F4xx_HAL_Driver/Src/stm32f4xx_hal.o
                0x000000002000000c                uwTickFreq
 *fill*         0x000000002000000d        0x3 
 .data.USBD_CDC_DeviceQualifierDesc
                0x0000000020000010        0xa ./Middlewares/ST/STM32_USB_Device_Library/Class/CDC/Src/usbd_cdc.o
 *fill*         0x000000002000001a        0x2 
 .data.USBD_CDC
                0x000000002000001c       0x38 ./Middlewares/ST/STM32_USB_Device_Library/Class/CDC/Src/usbd_cdc.o
                0x000000002000001c                USBD_CDC
 .data.USBD_CDC_CfgDesc
                0x0000000020000054       0x43 ./Middlewares/ST/STM32_USB_Device_Library/Class/CDC/Src/usbd_cdc.o
 .data.CDCInEpAdd
                0x0000000020000097        0x1 ./Middlewares/ST/STM32_USB_Device_Library/Class/CDC/Src/usbd_cdc.o
 .data.CDCOutEpAdd
                0x0000000020000098        0x1 ./Middlewares/ST/STM32_USB_Device_Library/Class/CDC/Src/usbd_cdc.o
 .data.CDCCmdEpAdd
                0x0000000020000099        0x1 ./Middlewares/ST/STM32_USB_Device_Library/Class/CDC/Src/usbd_cdc.o
 *fill*         0x000000002000009a        0x2 
 .data.USBD_Interface_fops_FS
                0x000000002000009c       0x14 ./USB_DEVICE/App/usbd_cdc_if.o
                0x000000002000009c                USBD_Interface_fops_FS
 .data.FS_Desc  0x00000000200000b0       0x1c ./USB_DEVICE/App/usbd_desc.o
                0x00000000200000b0                FS_Desc
 .data.USBD_FS_DeviceDesc
                0x00000000200000cc       0x12 ./USB_DEVICE/App/usbd_desc.o
                0x00000000200000cc                USBD_FS_DeviceDesc
 *fill*         0x00000000200000de        0x2 
 .data.USBD_LangIDDesc
                0x00000000200000e0        0x4 ./USB_DEVICE/App/usbd_desc.o
                0x00000000200000e0                USBD_LangIDDesc
 .data.USBD_StringSerial
                0x00000000200000e4       0x1a ./USB_DEVICE/App/usbd_desc.o
                0x00000000200000e4                USBD_StringSerial
 *(.RamFunc)
 *(.RamFunc*)
                0x0000000020000100                . = ALIGN (0x4)
 *fill*         0x00000000200000fe        0x2 
                0x0000000020000100                _edata = .

.igot.plt       0x0000000020000100        0x0 load address 0x0000000008007b48
 .igot.plt      0x0000000020000100        0x0 c:/st/stm32cubeide_1.12.1/stm32cubeide/plugins/com.st.stm32cube.ide.mcu.externaltools.gnu-tools-for-stm32.10.3-2021.10.win32_1.0.200.202301161003/tools/bin/../lib/gcc/arm-none-eabi/10.3.1/thumb/v7e-m+fp/hard/crtbegin.o
                0x0000000020000100                . = ALIGN (0x4)

.bss            0x0000000020000100     0x1c7c load address 0x0000000008007b48
                0x0000000020000100                _sbss = .
                0x0000000020000100                __bss_start__ = _sbss
 *(.bss)
 .bss           0x0000000020000100       0x1c c:/st/stm32cubeide_1.12.1/stm32cubeide/plugins/com.st.stm32cube.ide.mcu.externaltools.gnu-tools-for-stm32.10.3-2021.10.win32_1.0.200.202301161003/tools/bin/../lib/gcc/arm-none-eabi/10.3.1/thumb/v7e-m+fp/hard/crtbegin.o
 *(.bss*)
 .bss.buffer    0x000000002000011c        0x2 ./Core/Src/main.o
                0x000000002000011c                buffer
 *fill*         0x000000002000011e        0x2 
 .bss.htim1     0x0000000020000120       0x48 ./Core/Src/tim.o
                0x0000000020000120                htim1
 .bss.uwTick    0x0000000020000168        0x4 ./Drivers/STM32F4xx_HAL_Driver/Src/stm32f4xx_hal.o
                0x0000000020000168                uwTick
 .bss.cfgidx.0  0x000000002000016c        0x1 ./Middlewares/ST/STM32_USB_Device_Library/Core/Src/usbd_ctlreq.o
 *fill*         0x000000002000016d        0x3 
 .bss.hUsbDeviceFS
                0x0000000020000170      0x2dc ./USB_DEVICE/App/usb_device.o
                0x0000000020000170                hUsbDeviceFS
 .bss.receivedValue
                0x000000002000044c        0x2 ./USB_DEVICE/App/usbd_cdc_if.o
                0x000000002000044c                receivedValue
 *fill*         0x000000002000044e        0x2 
 .bss.UserRxBufferFS
                0x0000000020000450      0x800 ./USB_DEVICE/App/usbd_cdc_if.o
                0x0000000020000450                UserRxBufferFS
 .bss.UserTxBufferFS
                0x0000000020000c50      0x800 ./USB_DEVICE/App/usbd_cdc_if.o
                0x0000000020000c50                UserTxBufferFS
 .bss.USBD_StrDesc
                0x0000000020001450      0x200 ./USB_DEVICE/App/usbd_desc.o
                0x0000000020001450                USBD_StrDesc
 .bss.hpcd_USB_OTG_FS
                0x0000000020001650      0x50c ./USB_DEVICE/Target/usbd_conf.o
                0x0000000020001650                hpcd_USB_OTG_FS
 .bss.mem.0     0x0000000020001b5c      0x220 ./USB_DEVICE/Target/usbd_conf.o
 *(COMMON)
                0x0000000020001d7c                . = ALIGN (0x4)
                0x0000000020001d7c                _ebss = .
                0x0000000020001d7c                __bss_end__ = _ebss

._user_heap_stack
                0x0000000020001d7c      0x604 load address 0x0000000008007b48
                0x0000000020001d80                . = ALIGN (0x8)
 *fill*         0x0000000020001d7c        0x4 
                [!provide]                        PROVIDE (end = .)
                0x0000000020001d80                PROVIDE (_end = .)
                0x0000000020001f80                . = (. + _Min_Heap_Size)
 *fill*         0x0000000020001d80      0x200 
                0x0000000020002380                . = (. + _Min_Stack_Size)
 *fill*         0x0000000020001f80      0x400 
                0x0000000020002380                . = ALIGN (0x8)

/DISCARD/
 libc.a(*)
 libm.a(*)
 libgcc.a(*)

.ARM.attributes
                0x0000000000000000       0x30
 *(.ARM.attributes)
 .ARM.attributes
                0x0000000000000000       0x1e c:/st/stm32cubeide_1.12.1/stm32cubeide/plugins/com.st.stm32cube.ide.mcu.externaltools.gnu-tools-for-stm32.10.3-2021.10.win32_1.0.200.202301161003/tools/bin/../lib/gcc/arm-none-eabi/10.3.1/thumb/v7e-m+fp/hard/crti.o
 .ARM.attributes
                0x000000000000001e       0x34 c:/st/stm32cubeide_1.12.1/stm32cubeide/plugins/com.st.stm32cube.ide.mcu.externaltools.gnu-tools-for-stm32.10.3-2021.10.win32_1.0.200.202301161003/tools/bin/../lib/gcc/arm-none-eabi/10.3.1/thumb/v7e-m+fp/hard/crtbegin.o
 .ARM.attributes
                0x0000000000000052       0x34 ./Core/Src/gpio.o
 .ARM.attributes
                0x0000000000000086       0x34 ./Core/Src/main.o
 .ARM.attributes
                0x00000000000000ba       0x34 ./Core/Src/stm32f4xx_hal_msp.o
 .ARM.attributes
                0x00000000000000ee       0x34 ./Core/Src/stm32f4xx_it.o
 .ARM.attributes
                0x0000000000000122       0x34 ./Core/Src/system_stm32f4xx.o
 .ARM.attributes
                0x0000000000000156       0x34 ./Core/Src/tim.o
 .ARM.attributes
                0x000000000000018a       0x21 ./Core/Startup/startup_stm32f411ceux.o
 .ARM.attributes
                0x00000000000001ab       0x34 ./Drivers/STM32F4xx_HAL_Driver/Src/stm32f4xx_hal.o
 .ARM.attributes
                0x00000000000001df       0x34 ./Drivers/STM32F4xx_HAL_Driver/Src/stm32f4xx_hal_cortex.o
 .ARM.attributes
                0x0000000000000213       0x34 ./Drivers/STM32F4xx_HAL_Driver/Src/stm32f4xx_hal_gpio.o
 .ARM.attributes
                0x0000000000000247       0x34 ./Drivers/STM32F4xx_HAL_Driver/Src/stm32f4xx_hal_pcd.o
 .ARM.attributes
                0x000000000000027b       0x34 ./Drivers/STM32F4xx_HAL_Driver/Src/stm32f4xx_hal_pcd_ex.o
 .ARM.attributes
                0x00000000000002af       0x34 ./Drivers/STM32F4xx_HAL_Driver/Src/stm32f4xx_hal_rcc.o
 .ARM.attributes
                0x00000000000002e3       0x34 ./Drivers/STM32F4xx_HAL_Driver/Src/stm32f4xx_hal_tim.o
 .ARM.attributes
                0x0000000000000317       0x34 ./Drivers/STM32F4xx_HAL_Driver/Src/stm32f4xx_hal_tim_ex.o
 .ARM.attributes
                0x000000000000034b       0x34 ./Drivers/STM32F4xx_HAL_Driver/Src/stm32f4xx_ll_usb.o
 .ARM.attributes
                0x000000000000037f       0x34 ./Middlewares/ST/STM32_USB_Device_Library/Class/CDC/Src/usbd_cdc.o
 .ARM.attributes
                0x00000000000003b3       0x34 ./Middlewares/ST/STM32_USB_Device_Library/Core/Src/usbd_core.o
 .ARM.attributes
                0x00000000000003e7       0x34 ./Middlewares/ST/STM32_USB_Device_Library/Core/Src/usbd_ctlreq.o
 .ARM.attributes
                0x000000000000041b       0x34 ./Middlewares/ST/STM32_USB_Device_Library/Core/Src/usbd_ioreq.o
 .ARM.attributes
                0x000000000000044f       0x34 ./USB_DEVICE/App/usb_device.o
 .ARM.attributes
                0x0000000000000483       0x34 ./USB_DEVICE/App/usbd_cdc_if.o
 .ARM.attributes
                0x00000000000004b7       0x34 ./USB_DEVICE/App/usbd_desc.o
 .ARM.attributes
                0x00000000000004eb       0x34 ./USB_DEVICE/Target/usbd_conf.o
 .ARM.attributes
                0x000000000000051f       0x34 c:/st/stm32cubeide_1.12.1/stm32cubeide/plugins/com.st.stm32cube.ide.mcu.externaltools.gnu-tools-for-stm32.10.3-2021.10.win32_1.0.200.202301161003/tools/bin/../lib/gcc/arm-none-eabi/10.3.1/../../../../arm-none-eabi/lib/thumb/v7e-m+fp/hard\libc_nano.a(lib_a-init.o)
 .ARM.attributes
                0x0000000000000553       0x34 c:/st/stm32cubeide_1.12.1/stm32cubeide/plugins/com.st.stm32cube.ide.mcu.externaltools.gnu-tools-for-stm32.10.3-2021.10.win32_1.0.200.202301161003/tools/bin/../lib/gcc/arm-none-eabi/10.3.1/../../../../arm-none-eabi/lib/thumb/v7e-m+fp/hard\libc_nano.a(lib_a-memset.o)
 .ARM.attributes
                0x0000000000000587       0x1e c:/st/stm32cubeide_1.12.1/stm32cubeide/plugins/com.st.stm32cube.ide.mcu.externaltools.gnu-tools-for-stm32.10.3-2021.10.win32_1.0.200.202301161003/tools/bin/../lib/gcc/arm-none-eabi/10.3.1/thumb/v7e-m+fp/hard\libgcc.a(_aeabi_uldivmod.o)
 .ARM.attributes
                0x00000000000005a5       0x34 c:/st/stm32cubeide_1.12.1/stm32cubeide/plugins/com.st.stm32cube.ide.mcu.externaltools.gnu-tools-for-stm32.10.3-2021.10.win32_1.0.200.202301161003/tools/bin/../lib/gcc/arm-none-eabi/10.3.1/thumb/v7e-m+fp/hard\libgcc.a(_udivmoddi4.o)
 .ARM.attributes
                0x00000000000005d9       0x1e c:/st/stm32cubeide_1.12.1/stm32cubeide/plugins/com.st.stm32cube.ide.mcu.externaltools.gnu-tools-for-stm32.10.3-2021.10.win32_1.0.200.202301161003/tools/bin/../lib/gcc/arm-none-eabi/10.3.1/thumb/v7e-m+fp/hard\libgcc.a(_dvmd_tls.o)
 .ARM.attributes
                0x00000000000005f7       0x1e c:/st/stm32cubeide_1.12.1/stm32cubeide/plugins/com.st.stm32cube.ide.mcu.externaltools.gnu-tools-for-stm32.10.3-2021.10.win32_1.0.200.202301161003/tools/bin/../lib/gcc/arm-none-eabi/10.3.1/thumb/v7e-m+fp/hard/crtn.o
OUTPUT(USB_Blackpill.elf elf32-littlearm)
LOAD linker stubs
LOAD c:/st/stm32cubeide_1.12.1/stm32cubeide/plugins/com.st.stm32cube.ide.mcu.externaltools.gnu-tools-for-stm32.10.3-2021.10.win32_1.0.200.202301161003/tools/bin/../lib/gcc/arm-none-eabi/10.3.1/../../../../arm-none-eabi/lib/thumb/v7e-m+fp/hard\libc.a
LOAD c:/st/stm32cubeide_1.12.1/stm32cubeide/plugins/com.st.stm32cube.ide.mcu.externaltools.gnu-tools-for-stm32.10.3-2021.10.win32_1.0.200.202301161003/tools/bin/../lib/gcc/arm-none-eabi/10.3.1/../../../../arm-none-eabi/lib/thumb/v7e-m+fp/hard\libm.a
LOAD c:/st/stm32cubeide_1.12.1/stm32cubeide/plugins/com.st.stm32cube.ide.mcu.externaltools.gnu-tools-for-stm32.10.3-2021.10.win32_1.0.200.202301161003/tools/bin/../lib/gcc/arm-none-eabi/10.3.1/thumb/v7e-m+fp/hard\libgcc.a

.debug_info     0x0000000000000000    0x13656
 .debug_info    0x0000000000000000      0x487 ./Core/Src/gpio.o
 .debug_info    0x0000000000000487      0x6c3 ./Core/Src/main.o
 .debug_info    0x0000000000000b4a      0x2db ./Core/Src/stm32f4xx_hal_msp.o
 .debug_info    0x0000000000000e25      0xc1e ./Core/Src/stm32f4xx_it.o
 .debug_info    0x0000000000001a43      0x54f ./Core/Src/system_stm32f4xx.o
 .debug_info    0x0000000000001f92      0xcdb ./Core/Src/tim.o
 .debug_info    0x0000000000002c6d       0x22 ./Core/Startup/startup_stm32f411ceux.o
 .debug_info    0x0000000000002c8f      0x90d ./Drivers/STM32F4xx_HAL_Driver/Src/stm32f4xx_hal.o
 .debug_info    0x000000000000359c      0xd8b ./Drivers/STM32F4xx_HAL_Driver/Src/stm32f4xx_hal_cortex.o
 .debug_info    0x0000000000004327      0x78e ./Drivers/STM32F4xx_HAL_Driver/Src/stm32f4xx_hal_gpio.o
 .debug_info    0x0000000000004ab5     0x168d ./Drivers/STM32F4xx_HAL_Driver/Src/stm32f4xx_hal_pcd.o
 .debug_info    0x0000000000006142      0x717 ./Drivers/STM32F4xx_HAL_Driver/Src/stm32f4xx_hal_pcd_ex.o
 .debug_info    0x0000000000006859      0x98d ./Drivers/STM32F4xx_HAL_Driver/Src/stm32f4xx_hal_rcc.o
 .debug_info    0x00000000000071e6     0x2bb6 ./Drivers/STM32F4xx_HAL_Driver/Src/stm32f4xx_hal_tim.o
 .debug_info    0x0000000000009d9c     0x15d8 ./Drivers/STM32F4xx_HAL_Driver/Src/stm32f4xx_hal_tim_ex.o
 .debug_info    0x000000000000b374     0x1a97 ./Drivers/STM32F4xx_HAL_Driver/Src/stm32f4xx_ll_usb.o
 .debug_info    0x000000000000ce0b     0x130c ./Middlewares/ST/STM32_USB_Device_Library/Class/CDC/Src/usbd_cdc.o
 .debug_info    0x000000000000e117      0xee7 ./Middlewares/ST/STM32_USB_Device_Library/Core/Src/usbd_core.o
 .debug_info    0x000000000000effe      0xb7f ./Middlewares/ST/STM32_USB_Device_Library/Core/Src/usbd_ctlreq.o
 .debug_info    0x000000000000fb7d      0x7da ./Middlewares/ST/STM32_USB_Device_Library/Core/Src/usbd_ioreq.o
 .debug_info    0x0000000000010357      0x76a ./USB_DEVICE/App/usb_device.o
 .debug_info    0x0000000000010ac1      0xa42 ./USB_DEVICE/App/usbd_cdc_if.o
 .debug_info    0x0000000000011503      0x498 ./USB_DEVICE/App/usbd_desc.o
 .debug_info    0x000000000001199b     0x1cbb ./USB_DEVICE/Target/usbd_conf.o

.debug_abbrev   0x0000000000000000     0x3151
 .debug_abbrev  0x0000000000000000      0x146 ./Core/Src/gpio.o
 .debug_abbrev  0x0000000000000146      0x21e ./Core/Src/main.o
 .debug_abbrev  0x0000000000000364       0xd4 ./Core/Src/stm32f4xx_hal_msp.o
 .debug_abbrev  0x0000000000000438      0x1d5 ./Core/Src/stm32f4xx_it.o
 .debug_abbrev  0x000000000000060d      0x116 ./Core/Src/system_stm32f4xx.o
 .debug_abbrev  0x0000000000000723      0x1f1 ./Core/Src/tim.o
 .debug_abbrev  0x0000000000000914       0x12 ./Core/Startup/startup_stm32f411ceux.o
 .debug_abbrev  0x0000000000000926      0x23e ./Drivers/STM32F4xx_HAL_Driver/Src/stm32f4xx_hal.o
 .debug_abbrev  0x0000000000000b64      0x316 ./Drivers/STM32F4xx_HAL_Driver/Src/stm32f4xx_hal_cortex.o
 .debug_abbrev  0x0000000000000e7a      0x1c4 ./Drivers/STM32F4xx_HAL_Driver/Src/stm32f4xx_hal_gpio.o
 .debug_abbrev  0x000000000000103e      0x2bb ./Drivers/STM32F4xx_HAL_Driver/Src/stm32f4xx_hal_pcd.o
 .debug_abbrev  0x00000000000012f9      0x1ce ./Drivers/STM32F4xx_HAL_Driver/Src/stm32f4xx_hal_pcd_ex.o
 .debug_abbrev  0x00000000000014c7      0x2aa ./Drivers/STM32F4xx_HAL_Driver/Src/stm32f4xx_hal_rcc.o
 .debug_abbrev  0x0000000000001771      0x26e ./Drivers/STM32F4xx_HAL_Driver/Src/stm32f4xx_hal_tim.o
 .debug_abbrev  0x00000000000019df      0x276 ./Drivers/STM32F4xx_HAL_Driver/Src/stm32f4xx_hal_tim_ex.o
 .debug_abbrev  0x0000000000001c55      0x296 ./Drivers/STM32F4xx_HAL_Driver/Src/stm32f4xx_ll_usb.o
 .debug_abbrev  0x0000000000001eeb      0x2be ./Middlewares/ST/STM32_USB_Device_Library/Class/CDC/Src/usbd_cdc.o
 .debug_abbrev  0x00000000000021a9      0x263 ./Middlewares/ST/STM32_USB_Device_Library/Core/Src/usbd_core.o
 .debug_abbrev  0x000000000000240c      0x25c ./Middlewares/ST/STM32_USB_Device_Library/Core/Src/usbd_ctlreq.o
 .debug_abbrev  0x0000000000002668      0x18a ./Middlewares/ST/STM32_USB_Device_Library/Core/Src/usbd_ioreq.o
 .debug_abbrev  0x00000000000027f2      0x18a ./USB_DEVICE/App/usb_device.o
 .debug_abbrev  0x000000000000297c      0x2d0 ./USB_DEVICE/App/usbd_cdc_if.o
 .debug_abbrev  0x0000000000002c4c      0x1da ./USB_DEVICE/App/usbd_desc.o
 .debug_abbrev  0x0000000000002e26      0x32b ./USB_DEVICE/Target/usbd_conf.o

.debug_aranges  0x0000000000000000     0x10c8
 .debug_aranges
                0x0000000000000000       0x20 ./Core/Src/gpio.o
 .debug_aranges
                0x0000000000000020       0x30 ./Core/Src/main.o
 .debug_aranges
                0x0000000000000050       0x20 ./Core/Src/stm32f4xx_hal_msp.o
 .debug_aranges
                0x0000000000000070       0x70 ./Core/Src/stm32f4xx_it.o
 .debug_aranges
                0x00000000000000e0       0x28 ./Core/Src/system_stm32f4xx.o
 .debug_aranges
                0x0000000000000108       0x30 ./Core/Src/tim.o
 .debug_aranges
                0x0000000000000138       0x28 ./Core/Startup/startup_stm32f411ceux.o
 .debug_aranges
                0x0000000000000160       0xf0 ./Drivers/STM32F4xx_HAL_Driver/Src/stm32f4xx_hal.o
 .debug_aranges
                0x0000000000000250      0x118 ./Drivers/STM32F4xx_HAL_Driver/Src/stm32f4xx_hal_cortex.o
 .debug_aranges
                0x0000000000000368       0x58 ./Drivers/STM32F4xx_HAL_Driver/Src/stm32f4xx_hal_gpio.o
 .debug_aranges
                0x00000000000003c0      0x148 ./Drivers/STM32F4xx_HAL_Driver/Src/stm32f4xx_hal_pcd.o
 .debug_aranges
                0x0000000000000508       0x38 ./Drivers/STM32F4xx_HAL_Driver/Src/stm32f4xx_hal_pcd_ex.o
 .debug_aranges
                0x0000000000000540       0x88 ./Drivers/STM32F4xx_HAL_Driver/Src/stm32f4xx_hal_rcc.o
 .debug_aranges
                0x00000000000005c8      0x3d0 ./Drivers/STM32F4xx_HAL_Driver/Src/stm32f4xx_hal_tim.o
 .debug_aranges
                0x0000000000000998      0x168 ./Drivers/STM32F4xx_HAL_Driver/Src/stm32f4xx_hal_tim_ex.o
 .debug_aranges
                0x0000000000000b00      0x1a0 ./Drivers/STM32F4xx_HAL_Driver/Src/stm32f4xx_ll_usb.o
 .debug_aranges
                0x0000000000000ca0       0x90 ./Middlewares/ST/STM32_USB_Device_Library/Class/CDC/Src/usbd_cdc.o
 .debug_aranges
                0x0000000000000d30       0xd8 ./Middlewares/ST/STM32_USB_Device_Library/Core/Src/usbd_core.o
 .debug_aranges
                0x0000000000000e08       0x90 ./Middlewares/ST/STM32_USB_Device_Library/Core/Src/usbd_ctlreq.o
 .debug_aranges
                0x0000000000000e98       0x50 ./Middlewares/ST/STM32_USB_Device_Library/Core/Src/usbd_ioreq.o
 .debug_aranges
                0x0000000000000ee8       0x20 ./USB_DEVICE/App/usb_device.o
 .debug_aranges
                0x0000000000000f08       0x50 ./USB_DEVICE/App/usbd_cdc_if.o
 .debug_aranges
                0x0000000000000f58       0x60 ./USB_DEVICE/App/usbd_desc.o
 .debug_aranges
                0x0000000000000fb8      0x110 ./USB_DEVICE/Target/usbd_conf.o

.debug_ranges   0x0000000000000000      0xf50
 .debug_ranges  0x0000000000000000       0x10 ./Core/Src/gpio.o
 .debug_ranges  0x0000000000000010       0x20 ./Core/Src/main.o
 .debug_ranges  0x0000000000000030       0x10 ./Core/Src/stm32f4xx_hal_msp.o
 .debug_ranges  0x0000000000000040       0x60 ./Core/Src/stm32f4xx_it.o
 .debug_ranges  0x00000000000000a0       0x18 ./Core/Src/system_stm32f4xx.o
 .debug_ranges  0x00000000000000b8       0x20 ./Core/Src/tim.o
 .debug_ranges  0x00000000000000d8       0x20 ./Core/Startup/startup_stm32f411ceux.o
 .debug_ranges  0x00000000000000f8       0xe0 ./Drivers/STM32F4xx_HAL_Driver/Src/stm32f4xx_hal.o
 .debug_ranges  0x00000000000001d8      0x108 ./Drivers/STM32F4xx_HAL_Driver/Src/stm32f4xx_hal_cortex.o
 .debug_ranges  0x00000000000002e0       0x48 ./Drivers/STM32F4xx_HAL_Driver/Src/stm32f4xx_hal_gpio.o
 .debug_ranges  0x0000000000000328      0x138 ./Drivers/STM32F4xx_HAL_Driver/Src/stm32f4xx_hal_pcd.o
 .debug_ranges  0x0000000000000460       0x28 ./Drivers/STM32F4xx_HAL_Driver/Src/stm32f4xx_hal_pcd_ex.o
 .debug_ranges  0x0000000000000488       0x78 ./Drivers/STM32F4xx_HAL_Driver/Src/stm32f4xx_hal_rcc.o
 .debug_ranges  0x0000000000000500      0x3c0 ./Drivers/STM32F4xx_HAL_Driver/Src/stm32f4xx_hal_tim.o
 .debug_ranges  0x00000000000008c0      0x158 ./Drivers/STM32F4xx_HAL_Driver/Src/stm32f4xx_hal_tim_ex.o
 .debug_ranges  0x0000000000000a18      0x190 ./Drivers/STM32F4xx_HAL_Driver/Src/stm32f4xx_ll_usb.o
 .debug_ranges  0x0000000000000ba8       0x80 ./Middlewares/ST/STM32_USB_Device_Library/Class/CDC/Src/usbd_cdc.o
 .debug_ranges  0x0000000000000c28       0xc8 ./Middlewares/ST/STM32_USB_Device_Library/Core/Src/usbd_core.o
 .debug_ranges  0x0000000000000cf0       0x80 ./Middlewares/ST/STM32_USB_Device_Library/Core/Src/usbd_ctlreq.o
 .debug_ranges  0x0000000000000d70       0x40 ./Middlewares/ST/STM32_USB_Device_Library/Core/Src/usbd_ioreq.o
 .debug_ranges  0x0000000000000db0       0x10 ./USB_DEVICE/App/usb_device.o
 .debug_ranges  0x0000000000000dc0       0x40 ./USB_DEVICE/App/usbd_cdc_if.o
 .debug_ranges  0x0000000000000e00       0x50 ./USB_DEVICE/App/usbd_desc.o
 .debug_ranges  0x0000000000000e50      0x100 ./USB_DEVICE/Target/usbd_conf.o

.debug_macro    0x0000000000000000    0x19936
 .debug_macro   0x0000000000000000      0x2fe ./Core/Src/gpio.o
 .debug_macro   0x00000000000002fe      0xa78 ./Core/Src/gpio.o
 .debug_macro   0x0000000000000d76      0x29b ./Core/Src/gpio.o
 .debug_macro   0x0000000000001011       0x2e ./Core/Src/gpio.o
 .debug_macro   0x000000000000103f       0x28 ./Core/Src/gpio.o
 .debug_macro   0x0000000000001067       0x22 ./Core/Src/gpio.o
 .debug_macro   0x0000000000001089       0x8e ./Core/Src/gpio.o
 .debug_macro   0x0000000000001117       0x51 ./Core/Src/gpio.o
 .debug_macro   0x0000000000001168      0x103 ./Core/Src/gpio.o
 .debug_macro   0x000000000000126b       0x6a ./Core/Src/gpio.o
 .debug_macro   0x00000000000012d5      0x1df ./Core/Src/gpio.o
 .debug_macro   0x00000000000014b4       0x1c ./Core/Src/gpio.o
 .debug_macro   0x00000000000014d0       0x22 ./Core/Src/gpio.o
 .debug_macro   0x00000000000014f2       0xd9 ./Core/Src/gpio.o
 .debug_macro   0x00000000000015cb     0x102d ./Core/Src/gpio.o
 .debug_macro   0x00000000000025f8      0x11f ./Core/Src/gpio.o
 .debug_macro   0x0000000000002717     0xb953 ./Core/Src/gpio.o
 .debug_macro   0x000000000000e06a       0x6d ./Core/Src/gpio.o
 .debug_macro   0x000000000000e0d7     0x367e ./Core/Src/gpio.o
 .debug_macro   0x0000000000011755      0x174 ./Core/Src/gpio.o
 .debug_macro   0x00000000000118c9       0x5c ./Core/Src/gpio.o
 .debug_macro   0x0000000000011925      0x447 ./Core/Src/gpio.o
 .debug_macro   0x0000000000011d6c      0x9fe ./Core/Src/gpio.o
 .debug_macro   0x000000000001276a      0x115 ./Core/Src/gpio.o
 .debug_macro   0x000000000001287f      0x11b ./Core/Src/gpio.o
 .debug_macro   0x000000000001299a       0xa5 ./Core/Src/gpio.o
 .debug_macro   0x0000000000012a3f      0x15f ./Core/Src/gpio.o
 .debug_macro   0x0000000000012b9e      0x287 ./Core/Src/gpio.o
 .debug_macro   0x0000000000012e25       0x5f ./Core/Src/gpio.o
 .debug_macro   0x0000000000012e84      0x236 ./Core/Src/gpio.o
 .debug_macro   0x00000000000130ba      0x132 ./Core/Src/gpio.o
 .debug_macro   0x00000000000131ec      0x264 ./Core/Src/gpio.o
 .debug_macro   0x0000000000013450       0x2e ./Core/Src/gpio.o
 .debug_macro   0x000000000001347e      0x11a ./Core/Src/gpio.o
 .debug_macro   0x0000000000013598       0x85 ./Core/Src/gpio.o
 .debug_macro   0x000000000001361d       0x89 ./Core/Src/gpio.o
 .debug_macro   0x00000000000136a6      0x8e6 ./Core/Src/gpio.o
 .debug_macro   0x0000000000013f8c       0x47 ./Core/Src/gpio.o
 .debug_macro   0x0000000000013fd3      0x248 ./Core/Src/gpio.o
 .debug_macro   0x000000000001421b       0xba ./Core/Src/gpio.o
 .debug_macro   0x00000000000142d5      0x126 ./Core/Src/gpio.o
 .debug_macro   0x00000000000143fb       0x52 ./Core/Src/gpio.o
 .debug_macro   0x000000000001444d       0x1e ./Core/Src/gpio.o
 .debug_macro   0x000000000001446b       0x3c ./Core/Src/gpio.o
 .debug_macro   0x00000000000144a7       0x34 ./Core/Src/gpio.o
 .debug_macro   0x00000000000144db       0x16 ./Core/Src/gpio.o
 .debug_macro   0x00000000000144f1       0x43 ./Core/Src/gpio.o
 .debug_macro   0x0000000000014534       0x34 ./Core/Src/gpio.o
 .debug_macro   0x0000000000014568       0x10 ./Core/Src/gpio.o
 .debug_macro   0x0000000000014578       0x58 ./Core/Src/gpio.o
 .debug_macro   0x00000000000145d0       0x71 ./Core/Src/gpio.o
 .debug_macro   0x0000000000014641       0x1c ./Core/Src/gpio.o
 .debug_macro   0x000000000001465d      0x12a ./Core/Src/gpio.o
 .debug_macro   0x0000000000014787      0x341 ./Core/Src/gpio.o
 .debug_macro   0x0000000000014ac8       0x10 ./Core/Src/gpio.o
 .debug_macro   0x0000000000014ad8       0x35 ./Core/Src/gpio.o
 .debug_macro   0x0000000000014b0d       0x20 ./Core/Src/gpio.o
 .debug_macro   0x0000000000014b2d       0x16 ./Core/Src/gpio.o
 .debug_macro   0x0000000000014b43       0x16 ./Core/Src/gpio.o
 .debug_macro   0x0000000000014b59       0x29 ./Core/Src/gpio.o
 .debug_macro   0x0000000000014b82      0x43f ./Core/Src/main.o
 .debug_macro   0x0000000000014fc1       0x1c ./Core/Src/main.o
 .debug_macro   0x0000000000014fdd       0x10 ./Core/Src/main.o
 .debug_macro   0x0000000000014fed       0x10 ./Core/Src/main.o
 .debug_macro   0x0000000000014ffd       0x1c ./Core/Src/main.o
 .debug_macro   0x0000000000015019       0x52 ./Core/Src/main.o
 .debug_macro   0x000000000001506b       0x22 ./Core/Src/main.o
 .debug_macro   0x000000000001508d       0x10 ./Core/Src/main.o
 .debug_macro   0x000000000001509d       0x52 ./Core/Src/main.o
 .debug_macro   0x00000000000150ef       0xd5 ./Core/Src/main.o
 .debug_macro   0x00000000000151c4       0x1c ./Core/Src/main.o
 .debug_macro   0x00000000000151e0       0x3d ./Core/Src/main.o
 .debug_macro   0x000000000001521d       0x16 ./Core/Src/main.o
 .debug_macro   0x0000000000015233      0x145 ./Core/Src/main.o
 .debug_macro   0x0000000000015378       0x65 ./Core/Src/main.o
 .debug_macro   0x00000000000153dd      0x20f ./Core/Src/main.o
 .debug_macro   0x00000000000155ec       0x95 ./Core/Src/main.o
 .debug_macro   0x0000000000015681       0x10 ./Core/Src/main.o
 .debug_macro   0x0000000000015691      0x2f4 ./Core/Src/stm32f4xx_hal_msp.o
 .debug_macro   0x0000000000015985      0x423 ./Core/Src/stm32f4xx_it.o
 .debug_macro   0x0000000000015da8      0x1e8 ./Core/Src/system_stm32f4xx.o
 .debug_macro   0x0000000000015f90      0x2fe ./Core/Src/tim.o
 .debug_macro   0x000000000001628e      0x248 ./Drivers/STM32F4xx_HAL_Driver/Src/stm32f4xx_hal.o
 .debug_macro   0x00000000000164d6      0x1e8 ./Drivers/STM32F4xx_HAL_Driver/Src/stm32f4xx_hal_cortex.o
 .debug_macro   0x00000000000166be      0x1ee ./Drivers/STM32F4xx_HAL_Driver/Src/stm32f4xx_hal_gpio.o
 .debug_macro   0x00000000000168ac      0x1f4 ./Drivers/STM32F4xx_HAL_Driver/Src/stm32f4xx_hal_pcd.o
 .debug_macro   0x0000000000016aa0      0x1e8 ./Drivers/STM32F4xx_HAL_Driver/Src/stm32f4xx_hal_pcd_ex.o
 .debug_macro   0x0000000000016c88      0x20c ./Drivers/STM32F4xx_HAL_Driver/Src/stm32f4xx_hal_rcc.o
 .debug_macro   0x0000000000016e94      0x1e9 ./Drivers/STM32F4xx_HAL_Driver/Src/stm32f4xx_hal_tim.o
 .debug_macro   0x000000000001707d      0x1e8 ./Drivers/STM32F4xx_HAL_Driver/Src/stm32f4xx_hal_tim_ex.o
 .debug_macro   0x0000000000017265      0x1e8 ./Drivers/STM32F4xx_HAL_Driver/Src/stm32f4xx_ll_usb.o
 .debug_macro   0x000000000001744d      0x408 ./Middlewares/ST/STM32_USB_Device_Library/Class/CDC/Src/usbd_cdc.o
 .debug_macro   0x0000000000017855       0x16 ./Middlewares/ST/STM32_USB_Device_Library/Class/CDC/Src/usbd_cdc.o
 .debug_macro   0x000000000001786b       0x97 ./Middlewares/ST/STM32_USB_Device_Library/Class/CDC/Src/usbd_cdc.o
 .debug_macro   0x0000000000017902       0xfd ./Middlewares/ST/STM32_USB_Device_Library/Class/CDC/Src/usbd_cdc.o
 .debug_macro   0x00000000000179ff       0x16 ./Middlewares/ST/STM32_USB_Device_Library/Class/CDC/Src/usbd_cdc.o
 .debug_macro   0x0000000000017a15       0x56 ./Middlewares/ST/STM32_USB_Device_Library/Class/CDC/Src/usbd_cdc.o
 .debug_macro   0x0000000000017a6b      0x3ef ./Middlewares/ST/STM32_USB_Device_Library/Core/Src/usbd_core.o
 .debug_macro   0x0000000000017e5a      0x215 ./Middlewares/ST/STM32_USB_Device_Library/Core/Src/usbd_core.o
 .debug_macro   0x000000000001806f      0x3f9 ./Middlewares/ST/STM32_USB_Device_Library/Core/Src/usbd_ctlreq.o
 .debug_macro   0x0000000000018468      0x3f5 ./Middlewares/ST/STM32_USB_Device_Library/Core/Src/usbd_ioreq.o
 .debug_macro   0x000000000001885d      0x42e ./USB_DEVICE/App/usb_device.o
 .debug_macro   0x0000000000018c8b       0x22 ./USB_DEVICE/App/usb_device.o
 .debug_macro   0x0000000000018cad       0x16 ./USB_DEVICE/App/usb_device.o
 .debug_macro   0x0000000000018cc3      0x413 ./USB_DEVICE/App/usbd_cdc_if.o
 .debug_macro   0x00000000000190d6      0x432 ./USB_DEVICE/App/usbd_desc.o
 .debug_macro   0x0000000000019508       0x1c ./USB_DEVICE/App/usbd_desc.o
 .debug_macro   0x0000000000019524      0x412 ./USB_DEVICE/Target/usbd_conf.o

.debug_line     0x0000000000000000    0x154bc
 .debug_line    0x0000000000000000      0x884 ./Core/Src/gpio.o
 .debug_line    0x0000000000000884      0xad5 ./Core/Src/main.o
 .debug_line    0x0000000000001359      0x876 ./Core/Src/stm32f4xx_hal_msp.o
 .debug_line    0x0000000000001bcf      0xb1b ./Core/Src/stm32f4xx_it.o
 .debug_line    0x00000000000026ea      0x774 ./Core/Src/system_stm32f4xx.o
 .debug_line    0x0000000000002e5e      0x917 ./Core/Src/tim.o
 .debug_line    0x0000000000003775       0x88 ./Core/Startup/startup_stm32f411ceux.o
 .debug_line    0x00000000000037fd      0x9da ./Drivers/STM32F4xx_HAL_Driver/Src/stm32f4xx_hal.o
 .debug_line    0x00000000000041d7      0xc89 ./Drivers/STM32F4xx_HAL_Driver/Src/stm32f4xx_hal_cortex.o
 .debug_line    0x0000000000004e60      0xb12 ./Drivers/STM32F4xx_HAL_Driver/Src/stm32f4xx_hal_gpio.o
 .debug_line    0x0000000000005972     0x147d ./Drivers/STM32F4xx_HAL_Driver/Src/stm32f4xx_hal_pcd.o
 .debug_line    0x0000000000006def      0x7bd ./Drivers/STM32F4xx_HAL_Driver/Src/stm32f4xx_hal_pcd_ex.o
 .debug_line    0x00000000000075ac      0xd54 ./Drivers/STM32F4xx_HAL_Driver/Src/stm32f4xx_hal_rcc.o
 .debug_line    0x0000000000008300     0x34a8 ./Drivers/STM32F4xx_HAL_Driver/Src/stm32f4xx_hal_tim.o
 .debug_line    0x000000000000b7a8     0x1972 ./Drivers/STM32F4xx_HAL_Driver/Src/stm32f4xx_hal_tim_ex.o
 .debug_line    0x000000000000d11a     0x1a97 ./Drivers/STM32F4xx_HAL_Driver/Src/stm32f4xx_ll_usb.o
 .debug_line    0x000000000000ebb1      0xf07 ./Middlewares/ST/STM32_USB_Device_Library/Class/CDC/Src/usbd_cdc.o
 .debug_line    0x000000000000fab8      0xf81 ./Middlewares/ST/STM32_USB_Device_Library/Core/Src/usbd_core.o
 .debug_line    0x0000000000010a39     0x1152 ./Middlewares/ST/STM32_USB_Device_Library/Core/Src/usbd_ctlreq.o
 .debug_line    0x0000000000011b8b      0xa99 ./Middlewares/ST/STM32_USB_Device_Library/Core/Src/usbd_ioreq.o
 .debug_line    0x0000000000012624      0xa55 ./USB_DEVICE/App/usb_device.o
 .debug_line    0x0000000000013079      0xaf4 ./USB_DEVICE/App/usbd_cdc_if.o
 .debug_line    0x0000000000013b6d      0xb1e ./USB_DEVICE/App/usbd_desc.o
 .debug_line    0x000000000001468b      0xe31 ./USB_DEVICE/Target/usbd_conf.o

.debug_str      0x0000000000000000    0x8f796
 .debug_str     0x0000000000000000    0x88bec ./Core/Src/gpio.o
                                      0x88e88 (size before relaxing)
 .debug_str     0x0000000000088bec     0x1f8f ./Core/Src/main.o
                                      0x8adb2 (size before relaxing)
 .debug_str     0x000000000008ab7b       0x2c ./Core/Src/stm32f4xx_hal_msp.o
                                      0x88dbd (size before relaxing)
 .debug_str     0x000000000008aba7      0x8f2 ./Core/Src/stm32f4xx_it.o
                                      0x8b39f (size before relaxing)
 .debug_str     0x000000000008b499       0xdb ./Core/Src/system_stm32f4xx.o
                                      0x85f5d (size before relaxing)
 .debug_str     0x000000000008b574      0x5c9 ./Core/Src/tim.o
                                      0x898f2 (size before relaxing)
 .debug_str     0x000000000008bb3d       0x36 ./Core/Startup/startup_stm32f411ceux.o
                                         0x6e (size before relaxing)
 .debug_str     0x000000000008bb73      0x60d ./Drivers/STM32F4xx_HAL_Driver/Src/stm32f4xx_hal.o
                                      0x86989 (size before relaxing)
 .debug_str     0x000000000008c180      0x326 ./Drivers/STM32F4xx_HAL_Driver/Src/stm32f4xx_hal_cortex.o
                                      0x866aa (size before relaxing)
 .debug_str     0x000000000008c4a6      0x11e ./Drivers/STM32F4xx_HAL_Driver/Src/stm32f4xx_hal_gpio.o
                                      0x860d8 (size before relaxing)
 .debug_str     0x000000000008c5c4      0x832 ./Drivers/STM32F4xx_HAL_Driver/Src/stm32f4xx_hal_pcd.o
                                      0x86a0d (size before relaxing)
 .debug_str     0x000000000008cdf6      0x115 ./Drivers/STM32F4xx_HAL_Driver/Src/stm32f4xx_hal_pcd_ex.o
                                      0x862fc (size before relaxing)
 .debug_str     0x000000000008cf0b      0x21f ./Drivers/STM32F4xx_HAL_Driver/Src/stm32f4xx_hal_rcc.o
                                      0x86391 (size before relaxing)
 .debug_str     0x000000000008d12a      0xdfa ./Drivers/STM32F4xx_HAL_Driver/Src/stm32f4xx_hal_tim.o
                                      0x872c5 (size before relaxing)
 .debug_str     0x000000000008df24      0x3e1 ./Drivers/STM32F4xx_HAL_Driver/Src/stm32f4xx_hal_tim_ex.o
                                      0x86ae1 (size before relaxing)
 .debug_str     0x000000000008e305      0x44d ./Drivers/STM32F4xx_HAL_Driver/Src/stm32f4xx_ll_usb.o
                                      0x86875 (size before relaxing)
 .debug_str     0x000000000008e752      0x6fe ./Middlewares/ST/STM32_USB_Device_Library/Class/CDC/Src/usbd_cdc.o
                                      0x8b55d (size before relaxing)
 .debug_str     0x000000000008ee50      0x35c ./Middlewares/ST/STM32_USB_Device_Library/Core/Src/usbd_core.o
                                      0x8aed3 (size before relaxing)
 .debug_str     0x000000000008f1ac      0x139 ./Middlewares/ST/STM32_USB_Device_Library/Core/Src/usbd_ctlreq.o
                                      0x8acfe (size before relaxing)
 .debug_str     0x000000000008f2e5       0x51 ./Middlewares/ST/STM32_USB_Device_Library/Core/Src/usbd_ioreq.o
                                      0x8abd3 (size before relaxing)
 .debug_str     0x000000000008f336       0xc6 ./USB_DEVICE/App/usb_device.o
                                      0x8af86 (size before relaxing)
 .debug_str     0x000000000008f3fc       0xb9 ./USB_DEVICE/App/usbd_cdc_if.o
                                      0x8b024 (size before relaxing)
 .debug_str     0x000000000008f4b5      0x26e ./USB_DEVICE/App/usbd_desc.o
                                      0x8aad3 (size before relaxing)
 .debug_str     0x000000000008f723       0x73 ./USB_DEVICE/Target/usbd_conf.o
                                      0x8bc65 (size before relaxing)

.comment        0x0000000000000000       0x50
 .comment       0x0000000000000000       0x50 ./Core/Src/gpio.o
                                         0x51 (size before relaxing)
 .comment       0x0000000000000050       0x51 ./Core/Src/main.o
 .comment       0x0000000000000050       0x51 ./Core/Src/stm32f4xx_hal_msp.o
 .comment       0x0000000000000050       0x51 ./Core/Src/stm32f4xx_it.o
 .comment       0x0000000000000050       0x51 ./Core/Src/system_stm32f4xx.o
 .comment       0x0000000000000050       0x51 ./Core/Src/tim.o
 .comment       0x0000000000000050       0x51 ./Drivers/STM32F4xx_HAL_Driver/Src/stm32f4xx_hal.o
 .comment       0x0000000000000050       0x51 ./Drivers/STM32F4xx_HAL_Driver/Src/stm32f4xx_hal_cortex.o
 .comment       0x0000000000000050       0x51 ./Drivers/STM32F4xx_HAL_Driver/Src/stm32f4xx_hal_gpio.o
 .comment       0x0000000000000050       0x51 ./Drivers/STM32F4xx_HAL_Driver/Src/stm32f4xx_hal_pcd.o
 .comment       0x0000000000000050       0x51 ./Drivers/STM32F4xx_HAL_Driver/Src/stm32f4xx_hal_pcd_ex.o
 .comment       0x0000000000000050       0x51 ./Drivers/STM32F4xx_HAL_Driver/Src/stm32f4xx_hal_rcc.o
 .comment       0x0000000000000050       0x51 ./Drivers/STM32F4xx_HAL_Driver/Src/stm32f4xx_hal_tim.o
 .comment       0x0000000000000050       0x51 ./Drivers/STM32F4xx_HAL_Driver/Src/stm32f4xx_hal_tim_ex.o
 .comment       0x0000000000000050       0x51 ./Drivers/STM32F4xx_HAL_Driver/Src/stm32f4xx_ll_usb.o
 .comment       0x0000000000000050       0x51 ./Middlewares/ST/STM32_USB_Device_Library/Class/CDC/Src/usbd_cdc.o
 .comment       0x0000000000000050       0x51 ./Middlewares/ST/STM32_USB_Device_Library/Core/Src/usbd_core.o
 .comment       0x0000000000000050       0x51 ./Middlewares/ST/STM32_USB_Device_Library/Core/Src/usbd_ctlreq.o
 .comment       0x0000000000000050       0x51 ./Middlewares/ST/STM32_USB_Device_Library/Core/Src/usbd_ioreq.o
 .comment       0x0000000000000050       0x51 ./USB_DEVICE/App/usb_device.o
 .comment       0x0000000000000050       0x51 ./USB_DEVICE/App/usbd_cdc_if.o
 .comment       0x0000000000000050       0x51 ./USB_DEVICE/App/usbd_desc.o
 .comment       0x0000000000000050       0x51 ./USB_DEVICE/Target/usbd_conf.o

.debug_frame    0x0000000000000000     0x4520
 .debug_frame   0x0000000000000000       0x34 ./Core/Src/gpio.o
 .debug_frame   0x0000000000000034       0x68 ./Core/Src/main.o
 .debug_frame   0x000000000000009c       0x38 ./Core/Src/stm32f4xx_hal_msp.o
 .debug_frame   0x00000000000000d4      0x13c ./Core/Src/stm32f4xx_it.o
 .debug_frame   0x0000000000000210       0x58 ./Core/Src/system_stm32f4xx.o
 .debug_frame   0x0000000000000268       0x7c ./Core/Src/tim.o
 .debug_frame   0x00000000000002e4      0x374 ./Drivers/STM32F4xx_HAL_Driver/Src/stm32f4xx_hal.o
 .debug_frame   0x0000000000000658      0x498 ./Drivers/STM32F4xx_HAL_Driver/Src/stm32f4xx_hal_cortex.o
 .debug_frame   0x0000000000000af0      0x14c ./Drivers/STM32F4xx_HAL_Driver/Src/stm32f4xx_hal_gpio.o
 .debug_frame   0x0000000000000c3c      0x5bc ./Drivers/STM32F4xx_HAL_Driver/Src/stm32f4xx_hal_pcd.o
 .debug_frame   0x00000000000011f8       0xb0 ./Drivers/STM32F4xx_HAL_Driver/Src/stm32f4xx_hal_pcd_ex.o
 .debug_frame   0x00000000000012a8      0x1f4 ./Drivers/STM32F4xx_HAL_Driver/Src/stm32f4xx_hal_rcc.o
 .debug_frame   0x000000000000149c     0x11bc ./Drivers/STM32F4xx_HAL_Driver/Src/stm32f4xx_hal_tim.o